Archive member included to satisfy reference by file (symbol)

build/lib/board/edu-ciaa-nxp.a(board.o)
                              build/obj/src/main.o (BoardSetup)
build/lib/board/edu-ciaa-nxp.a(chip_18xx_43xx.o)
                              build/lib/board/edu-ciaa-nxp.a(board.o) (SystemCoreClockUpdate)
build/lib/board/edu-ciaa-nxp.a(clock_18xx_43xx.o)
                              build/lib/board/edu-ciaa-nxp.a(chip_18xx_43xx.o) (Chip_Clock_GetClockInputHz)
build/lib/board/edu-ciaa-nxp.a(sysinit_18xx_43xx.o)
                              build/lib/board/edu-ciaa-nxp.a(board.o) (Chip_SetupCoreClock)
C:/msys64/ucrt64/bin/../lib/gcc/arm-none-eabi/13.3.0/../../../../arm-none-eabi/lib/thumb/v7e-m+fp/softfp\libc_nano.a(libc_a-atexit.o)
                              C:/msys64/ucrt64/bin/../lib/gcc/arm-none-eabi/13.3.0/../../../../arm-none-eabi/lib/thumb/v7e-m+fp/softfp/crt0.o (atexit)
C:/msys64/ucrt64/bin/../lib/gcc/arm-none-eabi/13.3.0/../../../../arm-none-eabi/lib/thumb/v7e-m+fp/softfp\libc_nano.a(libc_a-exit.o)
                              C:/msys64/ucrt64/bin/../lib/gcc/arm-none-eabi/13.3.0/../../../../arm-none-eabi/lib/thumb/v7e-m+fp/softfp/crt0.o (exit)
C:/msys64/ucrt64/bin/../lib/gcc/arm-none-eabi/13.3.0/../../../../arm-none-eabi/lib/thumb/v7e-m+fp/softfp\libc_nano.a(libc_a-findfp.o)
                              C:/msys64/ucrt64/bin/../lib/gcc/arm-none-eabi/13.3.0/../../../../arm-none-eabi/lib/thumb/v7e-m+fp/softfp\libc_nano.a(libc_a-exit.o) (__stdio_exit_handler)
C:/msys64/ucrt64/bin/../lib/gcc/arm-none-eabi/13.3.0/../../../../arm-none-eabi/lib/thumb/v7e-m+fp/softfp\libc_nano.a(libc_a-fwalk.o)
                              C:/msys64/ucrt64/bin/../lib/gcc/arm-none-eabi/13.3.0/../../../../arm-none-eabi/lib/thumb/v7e-m+fp/softfp\libc_nano.a(libc_a-findfp.o) (_fwalk_sglue)
C:/msys64/ucrt64/bin/../lib/gcc/arm-none-eabi/13.3.0/../../../../arm-none-eabi/lib/thumb/v7e-m+fp/softfp\libc_nano.a(libc_a-stdio.o)
                              C:/msys64/ucrt64/bin/../lib/gcc/arm-none-eabi/13.3.0/../../../../arm-none-eabi/lib/thumb/v7e-m+fp/softfp\libc_nano.a(libc_a-findfp.o) (__sread)
C:/msys64/ucrt64/bin/../lib/gcc/arm-none-eabi/13.3.0/../../../../arm-none-eabi/lib/thumb/v7e-m+fp/softfp\libc_nano.a(libc_a-memset.o)
                              C:/msys64/ucrt64/bin/../lib/gcc/arm-none-eabi/13.3.0/../../../../arm-none-eabi/lib/thumb/v7e-m+fp/softfp/crt0.o (memset)
C:/msys64/ucrt64/bin/../lib/gcc/arm-none-eabi/13.3.0/../../../../arm-none-eabi/lib/thumb/v7e-m+fp/softfp\libc_nano.a(libc_a-closer.o)
                              C:/msys64/ucrt64/bin/../lib/gcc/arm-none-eabi/13.3.0/../../../../arm-none-eabi/lib/thumb/v7e-m+fp/softfp\libc_nano.a(libc_a-stdio.o) (_close_r)
C:/msys64/ucrt64/bin/../lib/gcc/arm-none-eabi/13.3.0/../../../../arm-none-eabi/lib/thumb/v7e-m+fp/softfp\libc_nano.a(libc_a-reent.o)
                              C:/msys64/ucrt64/bin/../lib/gcc/arm-none-eabi/13.3.0/../../../../arm-none-eabi/lib/thumb/v7e-m+fp/softfp\libc_nano.a(libc_a-closer.o) (errno)
C:/msys64/ucrt64/bin/../lib/gcc/arm-none-eabi/13.3.0/../../../../arm-none-eabi/lib/thumb/v7e-m+fp/softfp\libc_nano.a(libc_a-impure.o)
                              C:/msys64/ucrt64/bin/../lib/gcc/arm-none-eabi/13.3.0/../../../../arm-none-eabi/lib/thumb/v7e-m+fp/softfp\libc_nano.a(libc_a-reent.o) (_impure_ptr)
C:/msys64/ucrt64/bin/../lib/gcc/arm-none-eabi/13.3.0/../../../../arm-none-eabi/lib/thumb/v7e-m+fp/softfp\libc_nano.a(libc_a-lseekr.o)
                              C:/msys64/ucrt64/bin/../lib/gcc/arm-none-eabi/13.3.0/../../../../arm-none-eabi/lib/thumb/v7e-m+fp/softfp\libc_nano.a(libc_a-stdio.o) (_lseek_r)
C:/msys64/ucrt64/bin/../lib/gcc/arm-none-eabi/13.3.0/../../../../arm-none-eabi/lib/thumb/v7e-m+fp/softfp\libc_nano.a(libc_a-readr.o)
                              C:/msys64/ucrt64/bin/../lib/gcc/arm-none-eabi/13.3.0/../../../../arm-none-eabi/lib/thumb/v7e-m+fp/softfp\libc_nano.a(libc_a-stdio.o) (_read_r)
C:/msys64/ucrt64/bin/../lib/gcc/arm-none-eabi/13.3.0/../../../../arm-none-eabi/lib/thumb/v7e-m+fp/softfp\libc_nano.a(libc_a-writer.o)
                              C:/msys64/ucrt64/bin/../lib/gcc/arm-none-eabi/13.3.0/../../../../arm-none-eabi/lib/thumb/v7e-m+fp/softfp\libc_nano.a(libc_a-stdio.o) (_write_r)
C:/msys64/ucrt64/bin/../lib/gcc/arm-none-eabi/13.3.0/../../../../arm-none-eabi/lib/thumb/v7e-m+fp/softfp\libc_nano.a(libc_a-init.o)
                              C:/msys64/ucrt64/bin/../lib/gcc/arm-none-eabi/13.3.0/../../../../arm-none-eabi/lib/thumb/v7e-m+fp/softfp/crt0.o (__libc_init_array)
C:/msys64/ucrt64/bin/../lib/gcc/arm-none-eabi/13.3.0/../../../../arm-none-eabi/lib/thumb/v7e-m+fp/softfp\libc_nano.a(libc_a-fini.o)
                              C:/msys64/ucrt64/bin/../lib/gcc/arm-none-eabi/13.3.0/../../../../arm-none-eabi/lib/thumb/v7e-m+fp/softfp/crt0.o (__libc_fini_array)
C:/msys64/ucrt64/bin/../lib/gcc/arm-none-eabi/13.3.0/../../../../arm-none-eabi/lib/thumb/v7e-m+fp/softfp\libc_nano.a(libc_a-lock.o)
[...]
Memory Configuration

Name             Origin             Length             Attributes
MFlashA512       0x1a000000         0x00080000         xr
MFlashB512       0x1b000000         0x00080000         xr
RamLoc32         0x10000000         0x00008000         xrw
RamLoc40         0x10080000         0x0000a000         xrw
RamAHB32         0x20000000         0x00008000         xrw
RamAHB16         0x20008000         0x00004000         xrw
RamAHB_ETB16     0x2000c000         0x00004000         xrw
*default*        0x00000000         0xffffffff

Linker script and memory map

LOAD C:/msys64/ucrt64/bin/../lib/gcc/arm-none-eabi/13.3.0/thumb/v7e-m+fp/softfp/crti.o
LOAD C:/msys64/ucrt64/bin/../lib/gcc/arm-none-eabi/13.3.0/thumb/v7e-m+fp/softfp/crtbegin.o
LOAD C:/msys64/ucrt64/bin/../lib/gcc/arm-none-eabi/13.3.0/../../../../arm-none-eabi/lib/thumb/v7e-m+fp/softfp/crt0.o
LOAD build/obj/src/main.o
LOAD build/obj/external/base/soc/lpc43xx/startup/cr_startup_lpc43xx.o
LOAD build/lib/board/edu-ciaa-nxp.a
START GROUP
LOAD C:/msys64/ucrt64/bin/../lib/gcc/arm-none-eabi/13.3.0/thumb/v7e-m+fp/softfp\libgcc.a
LOAD C:/msys64/ucrt64/bin/../lib/gcc/arm-none-eabi/13.3.0/../../../../arm-none-eabi/lib/thumb/v7e-m+fp/softfp\libc_nano.a
END GROUP
START GROUP
LOAD C:/msys64/ucrt64/bin/../lib/gcc/arm-none-eabi/13.3.0/thumb/v7e-m+fp/softfp\libgcc.a
LOAD C:/msys64/ucrt64/bin/../lib/gcc/arm-none-eabi/13.3.0/../../../../arm-none-eabi/lib/thumb/v7e-m+fp/softfp\libc_nano.a
LOAD C:/msys64/ucrt64/bin/../lib/gcc/arm-none-eabi/13.3.0/../../../../arm-none-eabi/lib/thumb/v7e-m+fp/softfp\libnosys.a
END GROUP
START GROUP
LOAD C:/msys64/ucrt64/bin/../lib/gcc/arm-none-eabi/13.3.0/thumb/v7e-m+fp/softfp\libgcc.a
LOAD C:/msys64/ucrt64/bin/../lib/gcc/arm-none-eabi/13.3.0/../../../../arm-none-eabi/lib/thumb/v7e-m+fp/softfp\libc_nano.a
LOAD C:/msys64/ucrt64/bin/../lib/gcc/arm-none-eabi/13.3.0/../../../../arm-none-eabi/lib/thumb/v7e-m+fp/softfp\libnosys.a
END GROUP
LOAD C:/msys64/ucrt64/bin/../lib/gcc/arm-none-eabi/13.3.0/thumb/v7e-m+fp/softfp/crtend.o
LOAD C:/msys64/ucrt64/bin/../lib/gcc/arm-none-eabi/13.3.0/thumb/v7e-m+fp/softfp/crtn.o
                0x1a000000                        __base_MFlashA512 = 0x1a000000
                0x1a000000                        __base_Flash = 0x1a000000
                0x1a080000                        __top_MFlashA512 = 0x1a080000
                0x1a080000                        __top_Flash = 0x1a080000
                0x1b000000                        __base_MFlashB512 = 0x1b000000
                0x1b000000                        __base_Flash2 = 0x1b000000
                0x1b080000                        __top_MFlashB512 = 0x1b080000
                0x1b080000                        __top_Flash2 = 0x1b080000
                0x10000000                        __base_RamLoc32 = 0x10000000
                0x10000000                        __base_RAM = 0x10000000
                0x10008000                        __top_RamLoc32 = 0x10008000
                0x10008000                        __top_RAM = 0x10008000
                0x10080000                        __base_RamLoc40 = 0x10080000
                0x10080000                        __base_RAM2 = 0x10080000
                0x1008a000                        __top_RamLoc40 = 0x1008a000
                0x1008a000                        __top_RAM2 = 0x1008a000
                0x20000000                        __base_RamAHB32 = 0x20000000
                0x20000000                        __base_RAM3 = 0x20000000
                0x20008000                        __top_RamAHB32 = 0x20008000
                0x20008000                        __top_RAM3 = 0x20008000
                0x20008000                        __base_RamAHB16 = 0x20008000
                0x20008000                        __base_RAM4 = 0x20008000
                0x2000c000                        __top_RamAHB16 = 0x2000c000
                0x2000c000                        __top_RAM4 = 0x2000c000
                0x2000c000                        __base_RamAHB_ETB16 = 0x2000c000
                0x2000c000                        __base_RAM5 = 0x2000c000
                0x20010000                        __top_RamAHB_ETB16 = 0x20010000
                0x20010000                        __top_RAM5 = 0x20010000

.text_Flash2    0x1b000000        0x0
 FILL mask 0xff
 *(.text_Flash2*)
 *(.text_MFlashB512*)
 *(.text.$Flash2*)
 *(.text.$MFlashB512*)
 *(.rodata.$Flash2*)
 *(.rodata.$MFlashB512*)

.text           0x1a000000      0x248
 FILL mask 0xff
                0x1a000000                        __vectors_start__ = ABSOLUTE (.)
 *(.isr_vector)
 .isr_vector    0x1a000000      0x114 build/obj/external/base/soc/lpc43xx/startup/cr_startup_lpc43xx.o
                0x1a000000                g_pfnVectors
                0x1a000114                        . = ALIGN (0x4)
                0x1a000114                        __section_table_start = .
                0x1a000114                        __data_section_table = .
                0x1a000114        0x4 LONG 0x1a00177c LOADADDR (.data)
                0x1a000118        0x4 LONG 0x10000000 ADDR (.data)
                0x1a00011c        0x4 LONG 0x4 SIZEOF (.data)
                0x1a000120        0x4 LONG 0x1a00177c LOADADDR (.data_RAM2)
                0x1a000124        0x4 LONG 0x10080000 ADDR (.data_RAM2)
                0x1a000128        0x4 LONG 0x0 SIZEOF (.data_RAM2)
                0x1a00012c        0x4 LONG 0x1a00177c LOADADDR (.data_RAM3)
                0x1a000130        0x4 LONG 0x20000000 ADDR (.data_RAM3)
                0x1a000134        0x4 LONG 0x0 SIZEOF (.data_RAM3)
                0x1a000138        0x4 LONG 0x1a00177c LOADADDR (.data_RAM4)
                0x1a00013c        0x4 LONG 0x20008000 ADDR (.data_RAM4)
                0x1a000140        0x4 LONG 0x0 SIZEOF (.data_RAM4)
                0x1a000144        0x4 LONG 0x1a00177c LOADADDR (.data_RAM5)
                0x1a000148        0x4 LONG 0x2000c000 ADDR (.data_RAM5)
                0x1a00014c        0x4 LONG 0x0 SIZEOF (.data_RAM5)
                0x1a000150                        __data_section_table_end = .
                0x1a000150                        __bss_section_table = .
                0x1a000150        0x4 LONG 0x10000004 ADDR (.bss)
                0x1a000154        0x4 LONG 0x14 SIZEOF (.bss)
                0x1a000158        0x4 LONG 0x10080000 ADDR (.bss_RAM2)
                0x1a00015c        0x4 LONG 0x0 SIZEOF (.bss_RAM2)
                0x1a000160        0x4 LONG 0x20000000 ADDR (.bss_RAM3)
                0x1a000164        0x4 LONG 0x0 SIZEOF (.bss_RAM3)
                0x1a000168        0x4 LONG 0x20008000 ADDR (.bss_RAM4)
                0x1a00016c        0x4 LONG 0x0 SIZEOF (.bss_RAM4)
                0x1a000170        0x4 LONG 0x2000c000 ADDR (.bss_RAM5)
                0x1a000174        0x4 LONG 0x0 SIZEOF (.bss_RAM5)
                0x1a000178                        __bss_section_table_end = .
                0x1a000178                        __section_table_end = .
 *(.after_vectors*)
 .after_vectors
                0x1a000178       0xd0 build/obj/external/base/soc/lpc43xx/startup/cr_startup_lpc43xx.o
                0x1a000178                data_init
                0x1a0001be                bss_init
                0x1a0001f8                NMI_Handler
                0x1a000200                HardFault_Handler
                0x1a000208                MemManage_Handler
                0x1a000210                BusFault_Handler
                0x1a000218                UsageFault_Handler
                0x1a000220                SVC_Handler
                0x1a000228                DebugMon_Handler
                0x1a000230                PendSV_Handler
                0x1a000238                SysTick_Handler
                0x1a000240                I2C1_IRQHandler
                0x1a000240                UART1_IRQHandler
                0x1a000240                GPIO5_IRQHandler
                0x1a000240                CAN1_IRQHandler
                0x1a000240                USB1_IRQHandler
                0x1a000240                I2S0_IRQHandler
                0x1a000240                TIMER3_IRQHandler
                0x1a000240                UART0_IRQHandler
                0x1a000240                I2C0_IRQHandler
                0x1a000240                SGPIO_IRQHandler
                0x1a000240                ADC0_IRQHandler
                0x1a000240                FLASH_EEPROM_IRQHandler
                0x1a000240                GPIO6_IRQHandler
                0x1a000240                IntDefaultHandler
                0x1a000240                ATIMER_IRQHandler
                0x1a000240                SSP0_IRQHandler
                0x1a000240                ADC1_IRQHandler
                0x1a000240                RTC_IRQHandler
                0x1a000240                TIMER0_IRQHandler
                0x1a000240                SPI_IRQHandler
                0x1a000240                LCD_IRQHandler
                0x1a000240                VADC_IRQHandler
                0x1a000240                RIT_IRQHandler
                0x1a000240                TIMER1_IRQHandler
                0x1a000240                UART2_IRQHandler
                0x1a000240                GPIO2_IRQHandler
                0x1a000240                I2S1_IRQHandler
                0x1a000240                SSP1_IRQHandler
                0x1a000240                USB0_IRQHandler
                0x1a000240                GPIO3_IRQHandler
                0x1a000240                SCT_IRQHandler
                0x1a000240                GPIO1_IRQHandler
                0x1a000240                WDT_IRQHandler
                0x1a000240                SDIO_IRQHandler
                0x1a000240                GPIO7_IRQHandler
                0x1a000240                SPIFI_IRQHandler
                0x1a000240                QEI_IRQHandler
                0x1a000240                ETH_IRQHandler
                0x1a000240                M0CORE_IRQHandler
                0x1a000240                CAN0_IRQHandler
                0x1a000240                GINT0_IRQHandler
                0x1a000240                DAC_IRQHandler
                0x1a000240                M0SUB_IRQHandler
                0x1a000240                GPIO0_IRQHandler
                0x1a000240                DMA_IRQHandler
                0x1a000240                EVRT_IRQHandler
                0x1a000240                TIMER2_IRQHandler
                0x1a000240                UART3_IRQHandler
                0x1a000240                MCPWM_IRQHandler
                0x1a000240                GINT1_IRQHandler
                0x1a000240                GPIO4_IRQHandler

.glue_7         0x1a000248        0x0
 .glue_7        0x1a000248        0x0 linker stubs

.glue_7t        0x1a000248        0x0
 .glue_7t       0x1a000248        0x0 linker stubs

.vfp11_veneer   0x1a000248        0x0
 .vfp11_veneer  0x1a000248        0x0 linker stubs

.v4_bx          0x1a000248        0x0
 .v4_bx         0x1a000248        0x0 linker stubs

.init           0x1a000248        0x4
 .init          0x1a000248        0x4 C:/msys64/ucrt64/bin/../lib/gcc/arm-none-eabi/13.3.0/thumb/v7e-m+fp/softfp/crti.o
                0x1a000248                _init

.fini           0x1a00024c        0x4
 .fini          0x1a00024c        0x4 C:/msys64/ucrt64/bin/../lib/gcc/arm-none-eabi/13.3.0/thumb/v7e-m+fp/softfp/crti.o
                0x1a00024c                _fini

.iplt           0x1a000250        0x0
 .iplt          0x1a000250        0x0 build/obj/src/main.o

.text           0x1a000250     0x152c
 *(.text*)
 .text.Chip_SCU_PinMuxSet
                0x1a000250       0x34 build/obj/src/main.o
 .text.Chip_GPIO_SetPinState
                0x1a000284       0x38 build/obj/src/main.o
 .text.Chip_GPIO_ReadPortBit
                0x1a0002bc       0x34 build/obj/src/main.o
 .text.Chip_GPIO_SetPinDIROutput
                0x1a0002f0       0x3e build/obj/src/main.o
 .text.Chip_GPIO_SetPinDIRInput
                0x1a00032e       0x40 build/obj/src/main.o
 .text.Chip_GPIO_SetPinDIR
                0x1a00036e       0x42 build/obj/src/main.o
 .text.Chip_GPIO_SetPinToggle
                0x1a0003b0       0x32 build/obj/src/main.o
 *fill*         0x1a0003e2        0x2 
 .text.ConfigureLeds
                0x1a0003e4       0xd8 build/obj/src/main.o
 .text.ConfigureKeys
                0x1a0004bc       0x64 build/obj/src/main.o
 .text.FlashLed
                0x1a000520       0xb8 build/obj/src/main.o
 .text.SwitchLed
                0x1a0005d8       0x50 build/obj/src/main.o
 .text.ToggleLed
                0x1a000628       0x60 build/obj/src/main.o
 .text.TestLed  0x1a000688       0x3c build/obj/src/main.o
 .text.Delay    0x1a0006c4       0x3e build/obj/src/main.o
 .text.main     0x1a000702       0x28 build/obj/src/main.o
                0x1a000702                main
 *fill*         0x1a00072a        0x2 
 .text.ResetISR
                0x1a00072c       0xe4 build/obj/external/base/soc/lpc43xx/startup/cr_startup_lpc43xx.o
                0x1a00072c                ResetISR
 .text.Chip_SCU_PinMuxSet
                0x1a000810       0x34 build/lib/board/edu-ciaa-nxp.a(board.o)
 .text.Chip_CREG_SetFlashAcceleration
                0x1a000844       0x54 build/lib/board/edu-ciaa-nxp.a(board.o)
 .text.Chip_GPIO_SetPinState
                0x1a000898       0x38 build/lib/board/edu-ciaa-nxp.a(board.o)
 .text.Chip_GPIO_SetPinDIROutput
                0x1a0008d0       0x3e build/lib/board/edu-ciaa-nxp.a(board.o)
 .text.Chip_GPIO_SetPinDIRInput
                0x1a00090e       0x40 build/lib/board/edu-ciaa-nxp.a(board.o)
 .text.Chip_GPIO_SetPinDIR
                0x1a00094e       0x42 build/lib/board/edu-ciaa-nxp.a(board.o)
 .text.SetupClocking
                0x1a000990       0x74 build/lib/board/edu-ciaa-nxp.a(board.o)
 .text.BoardSetup
                0x1a000a04      0x138 build/lib/board/edu-ciaa-nxp.a(board.o)
                0x1a000a04                BoardSetup
 .text.SystemCoreClockUpdate
                0x1a000b3c       0x18 build/lib/board/edu-ciaa-nxp.a(chip_18xx_43xx.o)
                0x1a000b3c                SystemCoreClockUpdate
 .text.ABS      0x1a000b54       0x22 build/lib/board/edu-ciaa-nxp.a(clock_18xx_43xx.o)
 *fill*         0x1a000b76        0x2 
 .text.pll_calc_divs
                0x1a000b78      0x124 build/lib/board/edu-ciaa-nxp.a(clock_18xx_43xx.o)
 .text.pll_get_frac
                0x1a000c9c      0x180 build/lib/board/edu-ciaa-nxp.a(clock_18xx_43xx.o)
 .text.Chip_Clock_GetDivRate
                0x1a000e1c       0x40 build/lib/board/edu-ciaa-nxp.a(clock_18xx_43xx.o)
 .text.Chip_Clock_FindBaseClock
                0x1a000e5c       0x90 build/lib/board/edu-ciaa-nxp.a(clock_18xx_43xx.o)
 .text.Chip_Clock_EnableCrystal
                0x1a000eec       0x70 build/lib/board/edu-ciaa-nxp.a(clock_18xx_43xx.o)
                0x1a000eec                Chip_Clock_EnableCrystal
 .text.Chip_Clock_CalcMainPLLValue
                0x1a000f5c       0xd8 build/lib/board/edu-ciaa-nxp.a(clock_18xx_43xx.o)
                0x1a000f5c                Chip_Clock_CalcMainPLLValue
 .text.Chip_Clock_GetMainPLLHz
                0x1a001034       0xbc build/lib/board/edu-ciaa-nxp.a(clock_18xx_43xx.o)
                0x1a001034                Chip_Clock_GetMainPLLHz
 .text.Chip_Clock_GetDividerSource
                0x1a0010f0       0x40 build/lib/board/edu-ciaa-nxp.a(clock_18xx_43xx.o)
                0x1a0010f0                Chip_Clock_GetDividerSource
 .text.Chip_Clock_GetDividerDivisor
                0x1a001130       0x38 build/lib/board/edu-ciaa-nxp.a(clock_18xx_43xx.o)
                0x1a001130                Chip_Clock_GetDividerDivisor
 .text.Chip_Clock_GetClockInputHz
                0x1a001168      0x140 build/lib/board/edu-ciaa-nxp.a(clock_18xx_43xx.o)
                0x1a001168                Chip_Clock_GetClockInputHz
 .text.Chip_Clock_GetBaseClocktHz
                0x1a0012a8       0x24 build/lib/board/edu-ciaa-nxp.a(clock_18xx_43xx.o)
                0x1a0012a8                Chip_Clock_GetBaseClocktHz
 .text.Chip_Clock_SetBaseClock
                0x1a0012cc       0x9c build/lib/board/edu-ciaa-nxp.a(clock_18xx_43xx.o)
                0x1a0012cc                Chip_Clock_SetBaseClock
 .text.Chip_Clock_GetBaseClock
                0x1a001368       0x4c build/lib/board/edu-ciaa-nxp.a(clock_18xx_43xx.o)
                0x1a001368                Chip_Clock_GetBaseClock
 .text.Chip_Clock_GetRate
                0x1a0013b4       0x88 build/lib/board/edu-ciaa-nxp.a(clock_18xx_43xx.o)
                0x1a0013b4                Chip_Clock_GetRate
 .text.Chip_Clock_DisableMainPLL
                0x1a00143c       0x20 build/lib/board/edu-ciaa-nxp.a(sysinit_18xx_43xx.o)
 .text.Chip_Clock_SetupMainPLL
                0x1a00145c       0x48 build/lib/board/edu-ciaa-nxp.a(sysinit_18xx_43xx.o)
 .text.Chip_Clock_MainPLLLocked
                0x1a0014a4       0x24 build/lib/board/edu-ciaa-nxp.a(sysinit_18xx_43xx.o)
 .text.Chip_SetupCoreClock
                0x1a0014c8      0x148 build/lib/board/edu-ciaa-nxp.a(sysinit_18xx_43xx.o)
                0x1a0014c8                Chip_SetupCoreClock
 .text          0x1a001610       0xa4 C:/msys64/ucrt64/bin/../lib/gcc/arm-none-eabi/13.3.0/../../../../arm-none-eabi/lib/thumb/v7e-m+fp/softfp\libc_nano.a(libc_a-memset.o)
                0x1a001610                memset
 *(.rodata .rodata.* .constdata .constdata.*)
 .rodata.InitClkStates
                0x1a0016b4        0x4 build/lib/board/edu-ciaa-nxp.a(board.o)
 .rodata.ExtRateIn
                0x1a0016b8        0x4 build/lib/board/edu-ciaa-nxp.a(board.o)
                0x1a0016b8                ExtRateIn
 .rodata.OscRateIn
                0x1a0016bc        0x4 build/lib/board/edu-ciaa-nxp.a(board.o)
                0x1a0016bc                OscRateIn
 .rodata.periph_to_base
                0x1a0016c0       0x6c build/lib/board/edu-ciaa-nxp.a(clock_18xx_43xx.o)
 .rodata        0x1a00172c        0x6 build/lib/board/edu-ciaa-nxp.a(clock_18xx_43xx.o)
 *fill*         0x1a001732        0x2 
 .rodata.InitClkStates
                0x1a001734       0x48 build/lib/board/edu-ciaa-nxp.a(sysinit_18xx_43xx.o)
                0x1a00177c                        . = ALIGN (0x4)

.rel.dyn        0x1a00177c        0x0
 .rel.iplt      0x1a00177c        0x0 build/obj/src/main.o

.ARM.extab
 *(.ARM.extab* .gnu.linkonce.armextab.*)
                0x1a00177c                        __exidx_start = .

.ARM.exidx
 *(.ARM.exidx* .gnu.linkonce.armexidx.*)
                0x1a00177c                        __exidx_end = .
                0x1a00177c                        _etext = .

.data_RAM2      0x10080000        0x0 load address 0x1a00177c
 FILL mask 0xff
                [!provide]                        PROVIDE (__start_data_RAM2 = .)
 *(.ramfunc.$RAM2)
 *(.ramfunc.$RamLoc40)
 *(.data.$RAM2*)
 *(.data.$RamLoc40*)
 *(.bss.ucHeap)
                0x10080000                        . = ALIGN (0x4)
                [!provide]                        PROVIDE (__end_data_RAM2 = .)

.data_RAM3      0x20000000        0x0 load address 0x1a00177c
 FILL mask 0xff
                [!provide]                        PROVIDE (__start_data_RAM3 = .)
 *(.ramfunc.$RAM3)
 *(.ramfunc.$RamAHB32)
 *(.data.$RAM3*)
 *(.data.$RamAHB32*)
                0x20000000                        . = ALIGN (0x4)
                [!provide]                        PROVIDE (__end_data_RAM3 = .)

.data_RAM4      0x20008000        0x0 load address 0x1a00177c
 FILL mask 0xff
                [!provide]                        PROVIDE (__start_data_RAM4 = .)
 *(.ramfunc.$RAM4)
 *(.ramfunc.$RamAHB16)
 *(.data.$RAM4*)
 *(.data.$RamAHB16*)
                0x20008000                        . = ALIGN (0x4)
                [!provide]                        PROVIDE (__end_data_RAM4 = .)

.data_RAM5      0x2000c000        0x0 load address 0x1a00177c
 FILL mask 0xff
                [!provide]                        PROVIDE (__start_data_RAM5 = .)
 *(.ramfunc.$RAM5)
 *(.ramfunc.$RamAHB_ETB16)
 *(.data.$RAM5*)
 *(.data.$RamAHB_ETB16*)
                0x2000c000                        . = ALIGN (0x4)
                [!provide]                        PROVIDE (__end_data_RAM5 = .)

.uninit_RESERVED
                0x10000000        0x0
 *(.bss.$RESERVED*)
                0x10000000                        . = ALIGN (0x4)
                0x10000000                        _end_uninit_RESERVED = .

.data           0x10000000        0x4 load address 0x1a00177c
 FILL mask 0xff
                0x10000000                        _data = .
 *(vtable)
 *(.ramfunc*)
 *(.data*)
 .data.state.1  0x10000000        0x1 build/obj/src/main.o
                0x10000004                        . = ALIGN (0x4)
 *fill*         0x10000001        0x3 ff
                0x10000004                        _edata = .

.igot.plt       0x10000004        0x0 load address 0x1a001780
 .igot.plt      0x10000004        0x0 build/obj/src/main.o

.bss_RAM2       0x10080000        0x0
                [!provide]                        PROVIDE (__start_bss_RAM2 = .)
 *(.bss.$RAM2*)
 *(.bss.$RamLoc40*)
                0x10080000                        . = ALIGN ((. != 0x0)?0x4:0x1)
                [!provide]                        PROVIDE (__end_bss_RAM2 = .)

.bss_RAM3       0x20000000        0x0
                [!provide]                        PROVIDE (__start_bss_RAM3 = .)
 *(.bss.$RAM3*)
 *(.bss.$RamAHB32*)
                0x20000000                        . = ALIGN ((. != 0x0)?0x4:0x1)
                [!provide]                        PROVIDE (__end_bss_RAM3 = .)

.bss_RAM4       0x20008000        0x0
                [!provide]                        PROVIDE (__start_bss_RAM4 = .)
 *(.bss.$RAM4*)
 *(.bss.$RamAHB16*)
                0x20008000                        . = ALIGN ((. != 0x0)?0x4:0x1)
                [!provide]                        PROVIDE (__end_bss_RAM4 = .)

.bss_RAM5       0x2000c000        0x0
                [!provide]                        PROVIDE (__start_bss_RAM5 = .)
 *(.bss.$RAM5*)
 *(.bss.$RamAHB_ETB16*)
                0x2000c000                        . = ALIGN ((. != 0x0)?0x4:0x1)
                [!provide]                        PROVIDE (__end_bss_RAM5 = .)

.bss            0x10000004       0x14
                0x10000004                        _bss = .
 *(.bss*)
 .bss.divisor.2
                0x10000004        0x4 build/obj/src/main.o
 .bss.last_state.0
                0x10000008        0x1 build/obj/src/main.o
 *fill*         0x10000009        0x3 
 .bss.SystemCoreClock
                0x1000000c        0x4 build/lib/board/edu-ciaa-nxp.a(chip_18xx_43xx.o)
                0x1000000c                SystemCoreClock
 .bss.audio_usb_pll_freq
                0x10000010        0x8 build/lib/board/edu-ciaa-nxp.a(clock_18xx_43xx.o)
 *(COMMON)
                0x10000018                        . = ALIGN (0x4)
                0x10000018                        _ebss = .
                0x10000018                        PROVIDE (end = .)

.noinit_RAM2    0x10080000        0x0
 *(.noinit.$RAM2*)
 *(.noinit.$RamLoc40*)
                0x10080000                        . = ALIGN (0x4)

.noinit_RAM3    0x20000000        0x0
 *(.noinit.$RAM3*)
 *(.noinit.$RamAHB32*)
                0x20000000                        . = ALIGN (0x4)

.noinit_RAM4    0x20008000        0x0
 *(.noinit.$RAM4*)
 *(.noinit.$RamAHB16*)
                0x20008000                        . = ALIGN (0x4)

.noinit_RAM5    0x2000c000        0x0
 *(.noinit.$RAM5*)
 *(.noinit.$RamAHB_ETB16*)
                0x2000c000                        . = ALIGN (0x4)

.noinit         0x10000018        0x0
                0x10000018                        _noinit = .
 *(.noinit*)
                0x10000018                        . = ALIGN (0x4)
                0x10000018                        _end_noinit = .
                [!provide]                        PROVIDE (_pvHeapStart = DEFINED (__user_heap_base)?__user_heap_base:.)
                0x10008000                        PROVIDE (_vStackTop = DEFINED (__user_stack_top)?__user_stack_top:(__top_RamLoc32 - 0x0))
                0x53ff6ea6                        PROVIDE (__valid_user_code_checksum = (0x0 - ((((((_vStackTop + (ResetISR + 0x1)) + (NMI_Handler + 0x1)) + (HardFault_Handler + 0x1)) + (DEFINED (MemManage_Handler)?MemManage_Handler:0x0 + 0x1)) + (DEFINED (BusFault_Handler)?BusFault_Handler:0x0 + 0x1)) + (DEFINED (UsageFault_Handler)?UsageFault_Handler:0x0 + 0x1))))
OUTPUT(build/bin/reloj.elf elf32-littlearm)
LOAD linker stubs

.ARM.attributes
                0x00000000       0x2e
 .ARM.attributes
                0x00000000       0x22 C:/msys64/ucrt64/bin/../lib/gcc/arm-none-eabi/13.3.0/thumb/v7e-m+fp/softfp/crti.o
 .ARM.attributes
                0x00000022       0x32 build/obj/src/main.o
 .ARM.attributes
                0x00000054       0x32 build/obj/external/base/soc/lpc43xx/startup/cr_startup_lpc43xx.o
 .ARM.attributes
                0x00000086       0x32 build/lib/board/edu-ciaa-nxp.a(board.o)
 .ARM.attributes
                0x000000b8       0x32 build/lib/board/edu-ciaa-nxp.a(chip_18xx_43xx.o)
 .ARM.attributes
                0x000000ea       0x32 build/lib/board/edu-ciaa-nxp.a(clock_18xx_43xx.o)
 .ARM.attributes
                0x0000011c       0x32 build/lib/board/edu-ciaa-nxp.a(sysinit_18xx_43xx.o)
 .ARM.attributes
                0x0000014e       0x32 C:/msys64/ucrt64/bin/../lib/gcc/arm-none-eabi/13.3.0/../../../../arm-none-eabi/lib/thumb/v7e-m+fp/softfp\libc_nano.a(libc_a-memset.o)

.comment        0x00000000       0x12
 .comment       0x00000000       0x12 build/obj/src/main.o
                                 0x13 (size before relaxing)
 .comment       0x00000012       0x13 build/obj/external/base/soc/lpc43xx/startup/cr_startup_lpc43xx.o
 .comment       0x00000012       0x13 build/lib/board/edu-ciaa-nxp.a(board.o)
 .comment       0x00000012       0x13 build/lib/board/edu-ciaa-nxp.a(chip_18xx_43xx.o)
 .comment       0x00000012       0x13 build/lib/board/edu-ciaa-nxp.a(clock_18xx_43xx.o)
 .comment       0x00000012       0x13 build/lib/board/edu-ciaa-nxp.a(sysinit_18xx_43xx.o)
 .comment       0x00000012       0x13 C:/msys64/ucrt64/bin/../lib/gcc/arm-none-eabi/13.3.0/../../../../arm-none-eabi/lib/thumb/v7e-m+fp/softfp\libc_nano.a(libc_a-memset.o)

.debug_info     0x00000000     0x41d8
 .debug_info    0x00000000      0x66f build/obj/src/main.o
 .debug_info    0x0000066f      0x2d4 build/obj/external/base/soc/lpc43xx/startup/cr_startup_lpc43xx.o
 .debug_info    0x00000943      0xd65 build/lib/board/edu-ciaa-nxp.a(board.o)
 .debug_info    0x000016a8      0xb2e build/lib/board/edu-ciaa-nxp.a(chip_18xx_43xx.o)
 .debug_info    0x000021d6     0x1585 build/lib/board/edu-ciaa-nxp.a(clock_18xx_43xx.o)
 .debug_info    0x0000375b      0x948 build/lib/board/edu-ciaa-nxp.a(sysinit_18xx_43xx.o)
 .debug_info    0x000040a3      0x135 C:/msys64/ucrt64/bin/../lib/gcc/arm-none-eabi/13.3.0/../../../../arm-none-eabi/lib/thumb/v7e-m+fp/softfp\libc_nano.a(libc_a-memset.o)

.debug_abbrev   0x00000000      0xd2d
 .debug_abbrev  0x00000000      0x212 build/obj/src/main.o
 .debug_abbrev  0x00000212      0x179 build/obj/external/base/soc/lpc43xx/startup/cr_startup_lpc43xx.o
 .debug_abbrev  0x0000038b      0x213 build/lib/board/edu-ciaa-nxp.a(board.o)
 .debug_abbrev  0x0000059e      0x1e9 build/lib/board/edu-ciaa-nxp.a(chip_18xx_43xx.o)
 .debug_abbrev  0x00000787      0x30f build/lib/board/edu-ciaa-nxp.a(clock_18xx_43xx.o)
 .debug_abbrev  0x00000a96      0x1e0 build/lib/board/edu-ciaa-nxp.a(sysinit_18xx_43xx.o)
 .debug_abbrev  0x00000c76       0xb7 C:/msys64/ucrt64/bin/../lib/gcc/arm-none-eabi/13.3.0/../../../../arm-none-eabi/lib/thumb/v7e-m+fp/softfp\libc_nano.a(libc_a-memset.o)

.debug_aranges  0x00000000      0x350
 .debug_aranges
                0x00000000       0x90 build/obj/src/main.o
 .debug_aranges
                0x00000090       0x80 build/obj/external/base/soc/lpc43xx/startup/cr_startup_lpc43xx.o
 .debug_aranges
                0x00000110       0x58 build/lib/board/edu-ciaa-nxp.a(board.o)
 .debug_aranges
                0x00000168       0x40 build/lib/board/edu-ciaa-nxp.a(chip_18xx_43xx.o)
 .debug_aranges
                0x000001a8      0x138 build/lib/board/edu-ciaa-nxp.a(clock_18xx_43xx.o)
 .debug_aranges
                0x000002e0       0x50 build/lib/board/edu-ciaa-nxp.a(sysinit_18xx_43xx.o)
 .debug_aranges
                0x00000330       0x20 C:/msys64/ucrt64/bin/../lib/gcc/arm-none-eabi/13.3.0/../../../../arm-none-eabi/lib/thumb/v7e-m+fp/softfp\libc_nano.a(libc_a-memset.o)

.debug_rnglists
                0x00000000      0x266
 .debug_rnglists
                0x00000000       0x69 build/obj/src/main.o
 .debug_rnglists
                0x00000069       0x5c build/obj/external/base/soc/lpc43xx/startup/cr_startup_lpc43xx.o
 .debug_rnglists
                0x000000c5       0x3e build/lib/board/edu-ciaa-nxp.a(board.o)
 .debug_rnglists
                0x00000103       0x2b build/lib/board/edu-ciaa-nxp.a(chip_18xx_43xx.o)
 .debug_rnglists
                0x0000012e      0x100 build/lib/board/edu-ciaa-nxp.a(clock_18xx_43xx.o)
 .debug_rnglists
                0x0000022e       0x38 build/lib/board/edu-ciaa-nxp.a(sysinit_18xx_43xx.o)

.debug_macro    0x00000000     0x6b38
 .debug_macro   0x00000000      0x529 build/obj/src/main.o
 .debug_macro   0x00000529      0xb1a build/obj/src/main.o
 .debug_macro   0x00001043       0x10 build/obj/src/main.o
 .debug_macro   0x00001053       0x22 build/obj/src/main.o
 .debug_macro   0x00001075       0x8e build/obj/src/main.o
 .debug_macro   0x00001103       0x51 build/obj/src/main.o
 .debug_macro   0x00001154      0x103 build/obj/src/main.o
 .debug_macro   0x00001257       0x6a build/obj/src/main.o
 .debug_macro   0x000012c1      0x1df build/obj/src/main.o
 .debug_macro   0x000014a0       0x22 build/obj/src/main.o
 .debug_macro   0x000014c2       0x73 build/obj/src/main.o
 .debug_macro   0x00001535       0x28 build/obj/src/main.o
 .debug_macro   0x0000155d       0x1c build/obj/src/main.o
 .debug_macro   0x00001579       0x22 build/obj/src/main.o
 .debug_macro   0x0000159b       0xfb build/obj/src/main.o
 .debug_macro   0x00001696     0x1011 build/obj/src/main.o
 .debug_macro   0x000026a7      0x11f build/obj/src/main.o
 .debug_macro   0x000027c6      0x2c3 build/obj/src/main.o
 .debug_macro   0x00002a89      0x112 build/obj/src/main.o
 .debug_macro   0x00002b9b       0x11 build/obj/src/main.o
 .debug_macro   0x00002bac       0x2a build/obj/src/main.o
 .debug_macro   0x00002bd6       0x16 build/obj/src/main.o
 .debug_macro   0x00002bec      0x2e6 build/obj/src/main.o
 .debug_macro   0x00002ed2       0x82 build/obj/src/main.o
 .debug_macro   0x00002f54      0x13d build/obj/src/main.o
 .debug_macro   0x00003091      0x198 build/obj/src/main.o
 .debug_macro   0x00003229       0x34 build/obj/src/main.o
 .debug_macro   0x0000325d       0x58 build/obj/src/main.o
 .debug_macro   0x000032b5      0x236 build/obj/src/main.o
 .debug_macro   0x000034eb      0x572 build/obj/src/main.o
 .debug_macro   0x00003a5d       0x16 build/obj/src/main.o
 .debug_macro   0x00003a73      0x18a build/obj/src/main.o
 .debug_macro   0x00003bfd       0x88 build/obj/src/main.o
 .debug_macro   0x00003c85      0x1b9 build/obj/src/main.o
 .debug_macro   0x00003e3e      0x1da build/obj/src/main.o
 .debug_macro   0x00004018       0x40 build/obj/src/main.o
 .debug_macro   0x00004058       0x1c build/obj/src/main.o
 .debug_macro   0x00004074       0x2e build/obj/src/main.o
 .debug_macro   0x000040a2       0x2e build/obj/src/main.o
 .debug_macro   0x000040d0       0x22 build/obj/src/main.o
 .debug_macro   0x000040f2      0x201 build/obj/src/main.o
 .debug_macro   0x000042f3       0xe0 build/obj/src/main.o
 .debug_macro   0x000043d3      0x34c build/obj/src/main.o
 .debug_macro   0x0000471f       0xdc build/obj/src/main.o
 .debug_macro   0x000047fb       0xc4 build/obj/src/main.o
 .debug_macro   0x000048bf       0x8f build/obj/src/main.o
 .debug_macro   0x0000494e       0x94 build/obj/src/main.o
 .debug_macro   0x000049e2       0xb8 build/obj/src/main.o
 .debug_macro   0x00004a9a       0x4c build/obj/src/main.o
 .debug_macro   0x00004ae6       0x16 build/obj/src/main.o
 .debug_macro   0x00004afc      0x328 build/obj/src/main.o
 .debug_macro   0x00004e24       0x3a build/obj/src/main.o
 .debug_macro   0x00004e5e       0xd0 build/obj/src/main.o
 .debug_macro   0x00004f2e       0x18 build/obj/src/main.o
 .debug_macro   0x00004f46       0x22 build/obj/src/main.o
 .debug_macro   0x00004f68       0x40 build/obj/src/main.o
 .debug_macro   0x00004fa8      0x13f build/obj/src/main.o
 .debug_macro   0x000050e7       0x74 build/obj/src/main.o
 .debug_macro   0x0000515b       0x2a build/obj/src/main.o
 .debug_macro   0x00005185       0x3c build/obj/src/main.o
 .debug_macro   0x000051c1       0x34 build/obj/src/main.o
 .debug_macro   0x000051f5       0x16 build/obj/src/main.o
 .debug_macro   0x0000520b       0x9e build/obj/src/main.o
 .debug_macro   0x000052a9      0x370 build/obj/src/main.o
 .debug_macro   0x00005619      0x112 build/obj/src/main.o
 .debug_macro   0x0000572b       0x10 build/obj/src/main.o
 .debug_macro   0x0000573b       0x16 build/obj/src/main.o
 .debug_macro   0x00005751       0x4a build/obj/src/main.o
 .debug_macro   0x0000579b       0x34 build/obj/src/main.o
 .debug_macro   0x000057cf       0x10 build/obj/src/main.o
 .debug_macro   0x000057df       0x58 build/obj/src/main.o
 .debug_macro   0x00005837      0x1e5 build/obj/src/main.o
 .debug_macro   0x00005a1c       0x16 build/obj/src/main.o
 .debug_macro   0x00005a32       0x16 build/obj/src/main.o
 .debug_macro   0x00005a48      0x170 build/obj/src/main.o
 .debug_macro   0x00005bb8       0x1d build/obj/external/base/soc/lpc43xx/startup/cr_startup_lpc43xx.o
 .debug_macro   0x00005bd5      0x3f1 build/lib/board/edu-ciaa-nxp.a(board.o)
 .debug_macro   0x00005fc6       0x16 build/lib/board/edu-ciaa-nxp.a(board.o)
 .debug_macro   0x00005fdc      0x11c build/lib/board/edu-ciaa-nxp.a(board.o)
 .debug_macro   0x000060f8       0x9b build/lib/board/edu-ciaa-nxp.a(board.o)
 .debug_macro   0x00006193       0x16 build/lib/board/edu-ciaa-nxp.a(board.o)
 .debug_macro   0x000061a9       0x29 build/lib/board/edu-ciaa-nxp.a(board.o)
 .debug_macro   0x000061d2      0x320 build/lib/board/edu-ciaa-nxp.a(chip_18xx_43xx.o)
 .debug_macro   0x000064f2      0x326 build/lib/board/edu-ciaa-nxp.a(clock_18xx_43xx.o)
 .debug_macro   0x00006818      0x320 build/lib/board/edu-ciaa-nxp.a(sysinit_18xx_43xx.o)

.debug_line     0x00000000     0x3a7b
 .debug_line    0x00000000      0xa97 build/obj/src/main.o
 .debug_line    0x00000a97      0x1b7 build/obj/external/base/soc/lpc43xx/startup/cr_startup_lpc43xx.o
 .debug_line    0x00000c4e      0x9a7 build/lib/board/edu-ciaa-nxp.a(board.o)
 .debug_line    0x000015f5      0x831 build/lib/board/edu-ciaa-nxp.a(chip_18xx_43xx.o)
 .debug_line    0x00001e26     0x1179 build/lib/board/edu-ciaa-nxp.a(clock_18xx_43xx.o)
 .debug_line    0x00002f9f      0x913 build/lib/board/edu-ciaa-nxp.a(sysinit_18xx_43xx.o)
 .debug_line    0x000038b2      0x1c9 C:/msys64/ucrt64/bin/../lib/gcc/arm-none-eabi/13.3.0/../../../../arm-none-eabi/lib/thumb/v7e-m+fp/softfp\libc_nano.a(libc_a-memset.o)

.debug_str      0x00000000    0x1bdb7
 .debug_str     0x00000000    0x1bdb7 build/obj/src/main.o
                              0x1a6f0 (size before relaxing)
 .debug_str     0x0001bdb7     0x3113 build/obj/external/base/soc/lpc43xx/startup/cr_startup_lpc43xx.o
 .debug_str     0x0001bdb7    0x1ad19 build/lib/board/edu-ciaa-nxp.a(board.o)
 .debug_str     0x0001bdb7    0x17a90 build/lib/board/edu-ciaa-nxp.a(chip_18xx_43xx.o)
 .debug_str     0x0001bdb7    0x17ef2 build/lib/board/edu-ciaa-nxp.a(clock_18xx_43xx.o)
 .debug_str     0x0001bdb7    0x17984 build/lib/board/edu-ciaa-nxp.a(sysinit_18xx_43xx.o)
 .debug_str     0x0001bdb7      0x1a0 C:/msys64/ucrt64/bin/../lib/gcc/arm-none-eabi/13.3.0/../../../../arm-none-eabi/lib/thumb/v7e-m+fp/softfp\libc_nano.a(libc_a-memset.o)

.debug_frame    0x00000000      0xbec
 .debug_frame   0x00000000      0x218 build/obj/src/main.o
 .debug_frame   0x00000218      0x170 build/obj/external/base/soc/lpc43xx/startup/cr_startup_lpc43xx.o
 .debug_frame   0x00000388      0x13c build/lib/board/edu-ciaa-nxp.a(board.o)
 .debug_frame   0x000004c4       0xa0 build/lib/board/edu-ciaa-nxp.a(chip_18xx_43xx.o)
 .debug_frame   0x00000564      0x568 build/lib/board/edu-ciaa-nxp.a(clock_18xx_43xx.o)
 .debug_frame   0x00000acc       0xf4 build/lib/board/edu-ciaa-nxp.a(sysinit_18xx_43xx.o)
 .debug_frame   0x00000bc0       0x2c C:/msys64/ucrt64/bin/../lib/gcc/arm-none-eabi/13.3.0/../../../../arm-none-eabi/lib/thumb/v7e-m+fp/softfp\libc_nano.a(libc_a-memset.o)

.debug_loclists
                0x00000000      0x1c2
 .debug_loclists
                0x00000000      0x1c2 C:/msys64/ucrt64/bin/../lib/gcc/arm-none-eabi/13.3.0/../../../../arm-none-eabi/lib/thumb/v7e-m+fp/softfp\libc_nano.a(libc_a-memset.o)

Cross Reference Table

Symbol                                            File
ADC0_IRQHandler                                   build/obj/external/base/soc/lpc43xx/startup/cr_startup_lpc43xx.o
ADC1_IRQHandler                                   build/obj/external/base/soc/lpc43xx/startup/cr_startup_lpc43xx.o
ATIMER_IRQHandler                                 build/obj/external/base/soc/lpc43xx/startup/cr_startup_lpc43xx.o
BoardSetup                                        build/lib/board/edu-ciaa-nxp.a(board.o)
                                                  build/obj/src/main.o
BusFault_Handler                                  build/obj/external/base/soc/lpc43xx/startup/cr_startup_lpc43xx.o
CAN0_IRQHandler                                   build/obj/external/base/soc/lpc43xx/startup/cr_startup_lpc43xx.o
CAN1_IRQHandler                                   build/obj/external/base/soc/lpc43xx/startup/cr_startup_lpc43xx.o
Chip_Clock_CalcMainPLLValue                       build/lib/board/edu-ciaa-nxp.a(clock_18xx_43xx.o)
                                                  build/lib/board/edu-ciaa-nxp.a(sysinit_18xx_43xx.o)
Chip_Clock_ClearPowerDown                         build/lib/board/edu-ciaa-nxp.a(clock_18xx_43xx.o)
Chip_Clock_Disable                                build/lib/board/edu-ciaa-nxp.a(clock_18xx_43xx.o)
Chip_Clock_DisableBaseClock                       build/lib/board/edu-ciaa-nxp.a(clock_18xx_43xx.o)
Chip_Clock_DisableCrystal                         build/lib/board/edu-ciaa-nxp.a(clock_18xx_43xx.o)
Chip_Clock_DisablePLL                             build/lib/board/edu-ciaa-nxp.a(clock_18xx_43xx.o)
Chip_Clock_Enable                                 build/lib/board/edu-ciaa-nxp.a(clock_18xx_43xx.o)
Chip_Clock_EnableBaseClock                        build/lib/board/edu-ciaa-nxp.a(clock_18xx_43xx.o)
                                                  build/lib/board/edu-ciaa-nxp.a(chip_18xx_43xx.o)
Chip_Clock_EnableCrystal                          build/lib/board/edu-ciaa-nxp.a(clock_18xx_43xx.o)
                                                  build/lib/board/edu-ciaa-nxp.a(sysinit_18xx_43xx.o)
Chip_Clock_EnableOpts                             build/lib/board/edu-ciaa-nxp.a(clock_18xx_43xx.o)
                                                  build/lib/board/edu-ciaa-nxp.a(chip_18xx_43xx.o)
Chip_Clock_EnablePLL                              build/lib/board/edu-ciaa-nxp.a(clock_18xx_43xx.o)
                                                  build/lib/board/edu-ciaa-nxp.a(chip_18xx_43xx.o)
Chip_Clock_GetBaseClock                           build/lib/board/edu-ciaa-nxp.a(clock_18xx_43xx.o)
Chip_Clock_GetBaseClockOpts                       build/lib/board/edu-ciaa-nxp.a(clock_18xx_43xx.o)
Chip_Clock_GetBaseClocktHz                        build/lib/board/edu-ciaa-nxp.a(clock_18xx_43xx.o)
Chip_Clock_GetClockInputHz                        build/lib/board/edu-ciaa-nxp.a(clock_18xx_43xx.o)
                                                  build/lib/board/edu-ciaa-nxp.a(chip_18xx_43xx.o)
Chip_Clock_GetDividerDivisor                      build/lib/board/edu-ciaa-nxp.a(clock_18xx_43xx.o)
Chip_Clock_GetDividerSource                       build/lib/board/edu-ciaa-nxp.a(clock_18xx_43xx.o)
Chip_Clock_GetEMCRate                             build/lib/board/edu-ciaa-nxp.a(clock_18xx_43xx.o)
Chip_Clock_GetMainPLLHz                           build/lib/board/edu-ciaa-nxp.a(clock_18xx_43xx.o)
Chip_Clock_GetPLLStatus                           build/lib/board/edu-ciaa-nxp.a(clock_18xx_43xx.o)
                                                  build/lib/board/edu-ciaa-nxp.a(chip_18xx_43xx.o)
Chip_Clock_GetRate                                build/lib/board/edu-ciaa-nxp.a(clock_18xx_43xx.o)
                                                  build/lib/board/edu-ciaa-nxp.a(chip_18xx_43xx.o)
Chip_Clock_IsBaseClockEnabled                     build/lib/board/edu-ciaa-nxp.a(clock_18xx_43xx.o)
Chip_Clock_RTCEnable                              build/lib/board/edu-ciaa-nxp.a(clock_18xx_43xx.o)
Chip_Clock_SetBaseClock                           build/lib/board/edu-ciaa-nxp.a(clock_18xx_43xx.o)
                                                  build/lib/board/edu-ciaa-nxp.a(sysinit_18xx_43xx.o)
                                                  build/lib/board/edu-ciaa-nxp.a(chip_18xx_43xx.o)
                                                  build/lib/board/edu-ciaa-nxp.a(board.o)
Chip_Clock_SetDivider                             build/lib/board/edu-ciaa-nxp.a(clock_18xx_43xx.o)
                                                  build/lib/board/edu-ciaa-nxp.a(chip_18xx_43xx.o)
Chip_Clock_SetupMainPLLHz                         build/lib/board/edu-ciaa-nxp.a(clock_18xx_43xx.o)
Chip_Clock_SetupMainPLLMult                       build/lib/board/edu-ciaa-nxp.a(clock_18xx_43xx.o)
Chip_Clock_SetupPLL                               build/lib/board/edu-ciaa-nxp.a(clock_18xx_43xx.o)
                                                  build/lib/board/edu-ciaa-nxp.a(chip_18xx_43xx.o)
Chip_Clock_StartPowerDown                         build/lib/board/edu-ciaa-nxp.a(clock_18xx_43xx.o)
Chip_SetupCoreClock                               build/lib/board/edu-ciaa-nxp.a(sysinit_18xx_43xx.o)
                                                  build/lib/board/edu-ciaa-nxp.a(board.o)
Chip_SetupIrcClocking                             build/lib/board/edu-ciaa-nxp.a(sysinit_18xx_43xx.o)
Chip_SetupXtalClocking                            build/lib/board/edu-ciaa-nxp.a(sysinit_18xx_43xx.o)
Chip_SystemInit                                   build/lib/board/edu-ciaa-nxp.a(sysinit_18xx_43xx.o)
Chip_USB0_Init                                    build/lib/board/edu-ciaa-nxp.a(chip_18xx_43xx.o)
Chip_USB1_Init                                    build/lib/board/edu-ciaa-nxp.a(chip_18xx_43xx.o)
DAC_IRQHandler                                    build/obj/external/base/soc/lpc43xx/startup/cr_startup_lpc43xx.o
DMA_IRQHandler                                    build/obj/external/base/soc/lpc43xx/startup/cr_startup_lpc43xx.o
DebugMon_Handler                                  build/obj/external/base/soc/lpc43xx/startup/cr_startup_lpc43xx.o
ETH_IRQHandler                                    build/obj/external/base/soc/lpc43xx/startup/cr_startup_lpc43xx.o
EVRT_IRQHandler                                   build/obj/external/base/soc/lpc43xx/startup/cr_startup_lpc43xx.o
ExtRateIn                                         build/lib/board/edu-ciaa-nxp.a(board.o)
                                                  build/lib/board/edu-ciaa-nxp.a(clock_18xx_43xx.o)
FLASH_EEPROM_IRQHandler                           build/obj/external/base/soc/lpc43xx/startup/cr_startup_lpc43xx.o
GINT0_IRQHandler                                  build/obj/external/base/soc/lpc43xx/startup/cr_startup_lpc43xx.o
GINT1_IRQHandler                                  build/obj/external/base/soc/lpc43xx/startup/cr_startup_lpc43xx.o
GPIO0_IRQHandler                                  build/obj/external/base/soc/lpc43xx/startup/cr_startup_lpc43xx.o
GPIO1_IRQHandler                                  build/obj/external/base/soc/lpc43xx/startup/cr_startup_lpc43xx.o
GPIO2_IRQHandler                                  build/obj/external/base/soc/lpc43xx/startup/cr_startup_lpc43xx.o
GPIO3_IRQHandler                                  build/obj/external/base/soc/lpc43xx/startup/cr_startup_lpc43xx.o
GPIO4_IRQHandler                                  build/obj/external/base/soc/lpc43xx/startup/cr_startup_lpc43xx.o
GPIO5_IRQHandler                                  build/obj/external/base/soc/lpc43xx/startup/cr_startup_lpc43xx.o
GPIO6_IRQHandler                                  build/obj/external/base/soc/lpc43xx/startup/cr_startup_lpc43xx.o
GPIO7_IRQHandler                                  build/obj/external/base/soc/lpc43xx/startup/cr_startup_lpc43xx.o
HardFault_Handler                                 build/obj/external/base/soc/lpc43xx/startup/cr_startup_lpc43xx.o
I2C0_IRQHandler                                   build/obj/external/base/soc/lpc43xx/startup/cr_startup_lpc43xx.o
I2C1_IRQHandler                                   build/obj/external/base/soc/lpc43xx/startup/cr_startup_lpc43xx.o
I2S0_IRQHandler                                   build/obj/external/base/soc/lpc43xx/startup/cr_startup_lpc43xx.o
I2S1_IRQHandler                                   build/obj/external/base/soc/lpc43xx/startup/cr_startup_lpc43xx.o
IntDefaultHandler                                 build/obj/external/base/soc/lpc43xx/startup/cr_startup_lpc43xx.o
LCD_IRQHandler                                    build/obj/external/base/soc/lpc43xx/startup/cr_startup_lpc43xx.o
M0CORE_IRQHandler                                 build/obj/external/base/soc/lpc43xx/startup/cr_startup_lpc43xx.o
M0SUB_IRQHandler                                  build/obj/external/base/soc/lpc43xx/startup/cr_startup_lpc43xx.o
MCPWM_IRQHandler                                  build/obj/external/base/soc/lpc43xx/startup/cr_startup_lpc43xx.o
MemManage_Handler                                 build/obj/external/base/soc/lpc43xx/startup/cr_startup_lpc43xx.o
NMI_Handler                                       build/obj/external/base/soc/lpc43xx/startup/cr_startup_lpc43xx.o
OscRateIn                                         build/lib/board/edu-ciaa-nxp.a(board.o)
                                                  build/lib/board/edu-ciaa-nxp.a(clock_18xx_43xx.o)
PendSV_Handler                                    build/obj/external/base/soc/lpc43xx/startup/cr_startup_lpc43xx.o
QEI_IRQHandler                                    build/obj/external/base/soc/lpc43xx/startup/cr_startup_lpc43xx.o
RIT_IRQHandler                                    build/obj/external/base/soc/lpc43xx/startup/cr_startup_lpc43xx.o
RTC_IRQHandler                                    build/obj/external/base/soc/lpc43xx/startup/cr_startup_lpc43xx.o
ResetISR                                          build/obj/external/base/soc/lpc43xx/startup/cr_startup_lpc43xx.o
SCT_IRQHandler                                    build/obj/external/base/soc/lpc43xx/startup/cr_startup_lpc43xx.o
SDIO_IRQHandler                                   build/obj/external/base/soc/lpc43xx/startup/cr_startup_lpc43xx.o
SGPIO_IRQHandler                                  build/obj/external/base/soc/lpc43xx/startup/cr_startup_lpc43xx.o
SPIFI_IRQHandler                                  build/obj/external/base/soc/lpc43xx/startup/cr_startup_lpc43xx.o
SPI_IRQHandler                                    build/obj/external/base/soc/lpc43xx/startup/cr_startup_lpc43xx.o
SSP0_IRQHandler                                   build/obj/external/base/soc/lpc43xx/startup/cr_startup_lpc43xx.o
SSP1_IRQHandler                                   build/obj/external/base/soc/lpc43xx/startup/cr_startup_lpc43xx.o
SVC_Handler                                       build/obj/external/base/soc/lpc43xx/startup/cr_startup_lpc43xx.o
SysTick_Handler                                   build/obj/external/base/soc/lpc43xx/startup/cr_startup_lpc43xx.o
SystemCoreClock                                   build/lib/board/edu-ciaa-nxp.a(chip_18xx_43xx.o)
SystemCoreClockUpdate                             build/lib/board/edu-ciaa-nxp.a(chip_18xx_43xx.o)
                                                  build/lib/board/edu-ciaa-nxp.a(board.o)
TIMER0_IRQHandler                                 build/obj/external/base/soc/lpc43xx/startup/cr_startup_lpc43xx.o
TIMER1_IRQHandler                                 build/obj/external/base/soc/lpc43xx/startup/cr_startup_lpc43xx.o
TIMER2_IRQHandler                                 build/obj/external/base/soc/lpc43xx/startup/cr_startup_lpc43xx.o
TIMER3_IRQHandler                                 build/obj/external/base/soc/lpc43xx/startup/cr_startup_lpc43xx.o
UART0_IRQHandler                                  build/obj/external/base/soc/lpc43xx/startup/cr_startup_lpc43xx.o
UART1_IRQHandler                                  build/obj/external/base/soc/lpc43xx/startup/cr_startup_lpc43xx.o
UART2_IRQHandler                                  build/obj/external/base/soc/lpc43xx/startup/cr_startup_lpc43xx.o
UART3_IRQHandler                                  build/obj/external/base/soc/lpc43xx/startup/cr_startup_lpc43xx.o
USB0_IRQHandler                                   build/obj/external/base/soc/lpc43xx/startup/cr_startup_lpc43xx.o
USB1_IRQHandler                                   build/obj/external/base/soc/lpc43xx/startup/cr_startup_lpc43xx.o
UsageFault_Handler                                build/obj/external/base/soc/lpc43xx/startup/cr_startup_lpc43xx.o
VADC_IRQHandler                                   build/obj/external/base/soc/lpc43xx/startup/cr_startup_lpc43xx.o
WDT_IRQHandler                                    build/obj/external/base/soc/lpc43xx/startup/cr_startup_lpc43xx.o
__atexit                                          C:/msys64/ucrt64/bin/../lib/gcc/arm-none-eabi/13.3.0/../../../../arm-none-eabi/lib/thumb/v7e-m+fp/softfp\libc_nano.a(libc_a-__call_atexit.o)
                                                  C:/msys64/ucrt64/bin/../lib/gcc/arm-none-eabi/13.3.0/../../../../arm-none-eabi/lib/thumb/v7e-m+fp/softfp\libc_nano.a(libc_a-__atexit.o)
__atexit0                                         C:/msys64/ucrt64/bin/../lib/gcc/arm-none-eabi/13.3.0/../../../../arm-none-eabi/lib/thumb/v7e-m+fp/softfp\libc_nano.a(libc_a-__atexit.o)
__atexit_dummy                                    C:/msys64/ucrt64/bin/../lib/gcc/arm-none-eabi/13.3.0/../../../../arm-none-eabi/lib/thumb/v7e-m+fp/softfp\libc_nano.a(libc_a-__atexit.o)
__atexit_recursive_mutex                          C:/msys64/ucrt64/bin/../lib/gcc/arm-none-eabi/13.3.0/../../../../arm-none-eabi/lib/thumb/v7e-m+fp/softfp\libc_nano.a(libc_a-__call_atexit.o)
                                                  C:/msys64/ucrt64/bin/../lib/gcc/arm-none-eabi/13.3.0/../../../../arm-none-eabi/lib/thumb/v7e-m+fp/softfp\libc_nano.a(libc_a-__atexit.o)
__bss_end__                                       C:/msys64/ucrt64/bin/../lib/gcc/arm-none-eabi/13.3.0/../../../../arm-none-eabi/lib/thumb/v7e-m+fp/softfp/crt0.o
__bss_section_table_end                           build/obj/external/base/soc/lpc43xx/startup/cr_startup_lpc43xx.o
__bss_start__                                     C:/msys64/ucrt64/bin/../lib/gcc/arm-none-eabi/13.3.0/../../../../arm-none-eabi/lib/thumb/v7e-m+fp/softfp/crt0.o
__call_exitprocs                                  C:/msys64/ucrt64/bin/../lib/gcc/arm-none-eabi/13.3.0/../../../../arm-none-eabi/lib/thumb/v7e-m+fp/softfp\libc_nano.a(libc_a-__call_atexit.o)
                                                  C:/msys64/ucrt64/bin/../lib/gcc/arm-none-eabi/13.3.0/../../../../arm-none-eabi/lib/thumb/v7e-m+fp/softfp\libc_nano.a(libc_a-__atexit.o)
                                                  C:/msys64/ucrt64/bin/../lib/gcc/arm-none-eabi/13.3.0/../../../../arm-none-eabi/lib/thumb/v7e-m+fp/softfp\libc_nano.a(libc_a-exit.o)
__data_section_table                              build/obj/external/base/soc/lpc43xx/startup/cr_startup_lpc43xx.o
__data_section_table_end                          build/obj/external/base/soc/lpc43xx/startup/cr_startup_lpc43xx.o
__deregister_frame_info                           C:/msys64/ucrt64/bin/../lib/gcc/arm-none-eabi/13.3.0/thumb/v7e-m+fp/softfp/crtbegin.o
__dso_handle                                      C:/msys64/ucrt64/bin/../lib/gcc/arm-none-eabi/13.3.0/thumb/v7e-m+fp/softfp/crtbegin.o
__fini_array_end                                  C:/msys64/ucrt64/bin/../lib/gcc/arm-none-eabi/13.3.0/../../../../arm-none-eabi/lib/thumb/v7e-m+fp/softfp\libc_nano.a(libc_a-fini.o)
__fini_array_start                                C:/msys64/ucrt64/bin/../lib/gcc/arm-none-eabi/13.3.0/../../../../arm-none-eabi/lib/thumb/v7e-m+fp/softfp\libc_nano.a(libc_a-fini.o)
__fp_lock_all                                     C:/msys64/ucrt64/bin/../lib/gcc/arm-none-eabi/13.3.0/../../../../arm-none-eabi/lib/thumb/v7e-m+fp/softfp\libc_nano.a(libc_a-findfp.o)
__fp_unlock_all                                   C:/msys64/ucrt64/bin/../lib/gcc/arm-none-eabi/13.3.0/../../../../arm-none-eabi/lib/thumb/v7e-m+fp/softfp\libc_nano.a(libc_a-findfp.o)
__init_array_end                                  C:/msys64/ucrt64/bin/../lib/gcc/arm-none-eabi/13.3.0/../../../../arm-none-eabi/lib/thumb/v7e-m+fp/softfp\libc_nano.a(libc_a-init.o)
__init_array_start                                C:/msys64/ucrt64/bin/../lib/gcc/arm-none-eabi/13.3.0/../../../../arm-none-eabi/lib/thumb/v7e-m+fp/softfp\libc_nano.a(libc_a-init.o)
__libc_fini_array                                 C:/msys64/ucrt64/bin/../lib/gcc/arm-none-eabi/13.3.0/../../../../arm-none-eabi/lib/thumb/v7e-m+fp/softfp\libc_nano.a(libc_a-fini.o)
                                                  C:/msys64/ucrt64/bin/../lib/gcc/arm-none-eabi/13.3.0/../../../../arm-none-eabi/lib/thumb/v7e-m+fp/softfp/crt0.o
__libc_init_array                                 C:/msys64/ucrt64/bin/../lib/gcc/arm-none-eabi/13.3.0/../../../../arm-none-eabi/lib/thumb/v7e-m+fp/softfp\libc_nano.a(libc_a-init.o)
                                                  C:/msys64/ucrt64/bin/../lib/gcc/arm-none-eabi/13.3.0/../../../../arm-none-eabi/lib/thumb/v7e-m+fp/softfp/crt0.o
__lock___arc4random_mutex                         C:/msys64/ucrt64/bin/../lib/gcc/arm-none-eabi/13.3.0/../../../../arm-none-eabi/lib/thumb/v7e-m+fp/softfp\libc_nano.a(libc_a-lock.o)
__lock___at_quick_exit_mutex                      C:/msys64/ucrt64/bin/../lib/gcc/arm-none-eabi/13.3.0/../../../../arm-none-eabi/lib/thumb/v7e-m+fp/softfp\libc_nano.a(libc_a-lock.o)
__lock___atexit_recursive_mutex                   C:/msys64/ucrt64/bin/../lib/gcc/arm-none-eabi/13.3.0/../../../../arm-none-eabi/lib/thumb/v7e-m+fp/softfp\libc_nano.a(libc_a-lock.o)
                                                  C:/msys64/ucrt64/bin/../lib/gcc/arm-none-eabi/13.3.0/../../../../arm-none-eabi/lib/thumb/v7e-m+fp/softfp\libc_nano.a(libc_a-__call_atexit.o)
__lock___dd_hash_mutex                            C:/msys64/ucrt64/bin/../lib/gcc/arm-none-eabi/13.3.0/../../../../arm-none-eabi/lib/thumb/v7e-m+fp/softfp\libc_nano.a(libc_a-lock.o)
__lock___env_recursive_mutex                      C:/msys64/ucrt64/bin/../lib/gcc/arm-none-eabi/13.3.0/../../../../arm-none-eabi/lib/thumb/v7e-m+fp/softfp\libc_nano.a(libc_a-lock.o)
__lock___malloc_recursive_mutex                   C:/msys64/ucrt64/bin/../lib/gcc/arm-none-eabi/13.3.0/../../../../arm-none-eabi/lib/thumb/v7e-m+fp/softfp\libc_nano.a(libc_a-lock.o)
                                                  C:/msys64/ucrt64/bin/../lib/gcc/arm-none-eabi/13.3.0/../../../../arm-none-eabi/lib/thumb/v7e-m+fp/softfp\libc_nano.a(libc_a-mlock.o)
__lock___sfp_recursive_mutex                      C:/msys64/ucrt64/bin/../lib/gcc/arm-none-eabi/13.3.0/../../../../arm-none-eabi/lib/thumb/v7e-m+fp/softfp\libc_nano.a(libc_a-lock.o)
                                                  C:/msys64/ucrt64/bin/../lib/gcc/arm-none-eabi/13.3.0/../../../../arm-none-eabi/lib/thumb/v7e-m+fp/softfp\libc_nano.a(libc_a-findfp.o)
__lock___tz_mutex                                 C:/msys64/ucrt64/bin/../lib/gcc/arm-none-eabi/13.3.0/../../../../arm-none-eabi/lib/thumb/v7e-m+fp/softfp\libc_nano.a(libc_a-lock.o)
__malloc_free_list                                C:/msys64/ucrt64/bin/../lib/gcc/arm-none-eabi/13.3.0/../../../../arm-none-eabi/lib/thumb/v7e-m+fp/softfp\libc_nano.a(libc_a-mallocr.o)
                                                  C:/msys64/ucrt64/bin/../lib/gcc/arm-none-eabi/13.3.0/../../../../arm-none-eabi/lib/thumb/v7e-m+fp/softfp\libc_nano.a(libc_a-freer.o)
__malloc_lock                                     C:/msys64/ucrt64/bin/../lib/gcc/arm-none-eabi/13.3.0/../../../../arm-none-eabi/lib/thumb/v7e-m+fp/softfp\libc_nano.a(libc_a-mlock.o)
                                                  C:/msys64/ucrt64/bin/../lib/gcc/arm-none-eabi/13.3.0/../../../../arm-none-eabi/lib/thumb/v7e-m+fp/softfp\libc_nano.a(libc_a-mallocr.o)
                                                  C:/msys64/ucrt64/bin/../lib/gcc/arm-none-eabi/13.3.0/../../../../arm-none-eabi/lib/thumb/v7e-m+fp/softfp\libc_nano.a(libc_a-freer.o)
__malloc_sbrk_start                               C:/msys64/ucrt64/bin/../lib/gcc/arm-none-eabi/13.3.0/../../../../arm-none-eabi/lib/thumb/v7e-m+fp/softfp\libc_nano.a(libc_a-mallocr.o)
__malloc_unlock                                   C:/msys64/ucrt64/bin/../lib/gcc/arm-none-eabi/13.3.0/../../../../arm-none-eabi/lib/thumb/v7e-m+fp/softfp\libc_nano.a(libc_a-mlock.o)
                                                  C:/msys64/ucrt64/bin/../lib/gcc/arm-none-eabi/13.3.0/../../../../arm-none-eabi/lib/thumb/v7e-m+fp/softfp\libc_nano.a(libc_a-mallocr.o)
                                                  C:/msys64/ucrt64/bin/../lib/gcc/arm-none-eabi/13.3.0/../../../../arm-none-eabi/lib/thumb/v7e-m+fp/softfp\libc_nano.a(libc_a-freer.o)
__on_exit_args                                    C:/msys64/ucrt64/bin/../lib/gcc/arm-none-eabi/13.3.0/../../../../arm-none-eabi/lib/thumb/v7e-m+fp/softfp\libc_nano.a(libc_a-__atexit.o)
__preinit_array_end                               C:/msys64/ucrt64/bin/../lib/gcc/arm-none-eabi/13.3.0/../../../../arm-none-eabi/lib/thumb/v7e-m+fp/softfp\libc_nano.a(libc_a-init.o)
__preinit_array_start                             C:/msys64/ucrt64/bin/../lib/gcc/arm-none-eabi/13.3.0/../../../../arm-none-eabi/lib/thumb/v7e-m+fp/softfp\libc_nano.a(libc_a-init.o)
__register_exitproc                               C:/msys64/ucrt64/bin/../lib/gcc/arm-none-eabi/13.3.0/../../../../arm-none-eabi/lib/thumb/v7e-m+fp/softfp\libc_nano.a(libc_a-__atexit.o)
                                                  C:/msys64/ucrt64/bin/../lib/gcc/arm-none-eabi/13.3.0/../../../../arm-none-eabi/lib/thumb/v7e-m+fp/softfp\libc_nano.a(libc_a-atexit.o)
__register_frame_info                             C:/msys64/ucrt64/bin/../lib/gcc/arm-none-eabi/13.3.0/thumb/v7e-m+fp/softfp/crtbegin.o
__retarget_lock_acquire                           C:/msys64/ucrt64/bin/../lib/gcc/arm-none-eabi/13.3.0/../../../../arm-none-eabi/lib/thumb/v7e-m+fp/softfp\libc_nano.a(libc_a-lock.o)
__retarget_lock_acquire_recursive                 C:/msys64/ucrt64/bin/../lib/gcc/arm-none-eabi/13.3.0/../../../../arm-none-eabi/lib/thumb/v7e-m+fp/softfp\libc_nano.a(libc_a-lock.o)
                                                  C:/msys64/ucrt64/bin/../lib/gcc/arm-none-eabi/13.3.0/../../../../arm-none-eabi/lib/thumb/v7e-m+fp/softfp\libc_nano.a(libc_a-fflush.o)
                                                  C:/msys64/ucrt64/bin/../lib/gcc/arm-none-eabi/13.3.0/../../../../arm-none-eabi/lib/thumb/v7e-m+fp/softfp\libc_nano.a(libc_a-mlock.o)
                                                  C:/msys64/ucrt64/bin/../lib/gcc/arm-none-eabi/13.3.0/../../../../arm-none-eabi/lib/thumb/v7e-m+fp/softfp\libc_nano.a(libc_a-__call_atexit.o)
                                                  C:/msys64/ucrt64/bin/../lib/gcc/arm-none-eabi/13.3.0/../../../../arm-none-eabi/lib/thumb/v7e-m+fp/softfp\libc_nano.a(libc_a-__atexit.o)
                                                  C:/msys64/ucrt64/bin/../lib/gcc/arm-none-eabi/13.3.0/../../../../arm-none-eabi/lib/thumb/v7e-m+fp/softfp\libc_nano.a(libc_a-findfp.o)
__retarget_lock_close                             C:/msys64/ucrt64/bin/../lib/gcc/arm-none-eabi/13.3.0/../../../../arm-none-eabi/lib/thumb/v7e-m+fp/softfp\libc_nano.a(libc_a-lock.o)
__retarget_lock_close_recursive                   C:/msys64/ucrt64/bin/../lib/gcc/arm-none-eabi/13.3.0/../../../../arm-none-eabi/lib/thumb/v7e-m+fp/softfp\libc_nano.a(libc_a-lock.o)
__retarget_lock_init                              C:/msys64/ucrt64/bin/../lib/gcc/arm-none-eabi/13.3.0/../../../../arm-none-eabi/lib/thumb/v7e-m+fp/softfp\libc_nano.a(libc_a-lock.o)
__retarget_lock_init_recursive                    C:/msys64/ucrt64/bin/../lib/gcc/arm-none-eabi/13.3.0/../../../../arm-none-eabi/lib/thumb/v7e-m+fp/softfp\libc_nano.a(libc_a-lock.o)
                                                  C:/msys64/ucrt64/bin/../lib/gcc/arm-none-eabi/13.3.0/../../../../arm-none-eabi/lib/thumb/v7e-m+fp/softfp\libc_nano.a(libc_a-findfp.o)
__retarget_lock_release                           C:/msys64/ucrt64/bin/../lib/gcc/arm-none-eabi/13.3.0/../../../../arm-none-eabi/lib/thumb/v7e-m+fp/softfp\libc_nano.a(libc_a-lock.o)
__retarget_lock_release_recursive                 C:/msys64/ucrt64/bin/../lib/gcc/arm-none-eabi/13.3.0/../../../../arm-none-eabi/lib/thumb/v7e-m+fp/softfp\libc_nano.a(libc_a-lock.o)
                                                  C:/msys64/ucrt64/bin/../lib/gcc/arm-none-eabi/13.3.0/../../../../arm-none-eabi/lib/thumb/v7e-m+fp/softfp\libc_nano.a(libc_a-fflush.o)
                                                  C:/msys64/ucrt64/bin/../lib/gcc/arm-none-eabi/13.3.0/../../../../arm-none-eabi/lib/thumb/v7e-m+fp/softfp\libc_nano.a(libc_a-mlock.o)
                                                  C:/msys64/ucrt64/bin/../lib/gcc/arm-none-eabi/13.3.0/../../../../arm-none-eabi/lib/thumb/v7e-m+fp/softfp\libc_nano.a(libc_a-__call_atexit.o)
                                                  C:/msys64/ucrt64/bin/../lib/gcc/arm-none-eabi/13.3.0/../../../../arm-none-eabi/lib/thumb/v7e-m+fp/softfp\libc_nano.a(libc_a-__atexit.o)
                                                  C:/msys64/ucrt64/bin/../lib/gcc/arm-none-eabi/13.3.0/../../../../arm-none-eabi/lib/thumb/v7e-m+fp/softfp\libc_nano.a(libc_a-findfp.o)
__retarget_lock_try_acquire                       C:/msys64/ucrt64/bin/../lib/gcc/arm-none-eabi/13.3.0/../../../../arm-none-eabi/lib/thumb/v7e-m+fp/softfp\libc_nano.a(libc_a-lock.o)
__retarget_lock_try_acquire_recursive             C:/msys64/ucrt64/bin/../lib/gcc/arm-none-eabi/13.3.0/../../../../arm-none-eabi/lib/thumb/v7e-m+fp/softfp\libc_nano.a(libc_a-lock.o)
__sclose                                          C:/msys64/ucrt64/bin/../lib/gcc/arm-none-eabi/13.3.0/../../../../arm-none-eabi/lib/thumb/v7e-m+fp/softfp\libc_nano.a(libc_a-stdio.o)
                                                  C:/msys64/ucrt64/bin/../lib/gcc/arm-none-eabi/13.3.0/../../../../arm-none-eabi/lib/thumb/v7e-m+fp/softfp\libc_nano.a(libc_a-findfp.o)
__seofread                                        C:/msys64/ucrt64/bin/../lib/gcc/arm-none-eabi/13.3.0/../../../../arm-none-eabi/lib/thumb/v7e-m+fp/softfp\libc_nano.a(libc_a-stdio.o)
__sf                                              C:/msys64/ucrt64/bin/../lib/gcc/arm-none-eabi/13.3.0/../../../../arm-none-eabi/lib/thumb/v7e-m+fp/softfp\libc_nano.a(libc_a-findfp.o)
                                                  C:/msys64/ucrt64/bin/../lib/gcc/arm-none-eabi/13.3.0/../../../../arm-none-eabi/lib/thumb/v7e-m+fp/softfp\libc_nano.a(libc_a-impure.o)
__sflush_r                                        C:/msys64/ucrt64/bin/../lib/gcc/arm-none-eabi/13.3.0/../../../../arm-none-eabi/lib/thumb/v7e-m+fp/softfp\libc_nano.a(libc_a-fflush.o)
__sfp                                             C:/msys64/ucrt64/bin/../lib/gcc/arm-none-eabi/13.3.0/../../../../arm-none-eabi/lib/thumb/v7e-m+fp/softfp\libc_nano.a(libc_a-findfp.o)
__sfp_lock_acquire                                C:/msys64/ucrt64/bin/../lib/gcc/arm-none-eabi/13.3.0/../../../../arm-none-eabi/lib/thumb/v7e-m+fp/softfp\libc_nano.a(libc_a-findfp.o)
__sfp_lock_release                                C:/msys64/ucrt64/bin/../lib/gcc/arm-none-eabi/13.3.0/../../../../arm-none-eabi/lib/thumb/v7e-m+fp/softfp\libc_nano.a(libc_a-findfp.o)
__sglue                                           C:/msys64/ucrt64/bin/../lib/gcc/arm-none-eabi/13.3.0/../../../../arm-none-eabi/lib/thumb/v7e-m+fp/softfp\libc_nano.a(libc_a-findfp.o)
                                                  C:/msys64/ucrt64/bin/../lib/gcc/arm-none-eabi/13.3.0/../../../../arm-none-eabi/lib/thumb/v7e-m+fp/softfp\libc_nano.a(libc_a-fflush.o)
__sinit                                           C:/msys64/ucrt64/bin/../lib/gcc/arm-none-eabi/13.3.0/../../../../arm-none-eabi/lib/thumb/v7e-m+fp/softfp\libc_nano.a(libc_a-findfp.o)
                                                  C:/msys64/ucrt64/bin/../lib/gcc/arm-none-eabi/13.3.0/../../../../arm-none-eabi/lib/thumb/v7e-m+fp/softfp\libc_nano.a(libc_a-fflush.o)
__sread                                           C:/msys64/ucrt64/bin/../lib/gcc/arm-none-eabi/13.3.0/../../../../arm-none-eabi/lib/thumb/v7e-m+fp/softfp\libc_nano.a(libc_a-stdio.o)
                                                  C:/msys64/ucrt64/bin/../lib/gcc/arm-none-eabi/13.3.0/../../../../arm-none-eabi/lib/thumb/v7e-m+fp/softfp\libc_nano.a(libc_a-findfp.o)
__sseek                                           C:/msys64/ucrt64/bin/../lib/gcc/arm-none-eabi/13.3.0/../../../../arm-none-eabi/lib/thumb/v7e-m+fp/softfp\libc_nano.a(libc_a-stdio.o)
                                                  C:/msys64/ucrt64/bin/../lib/gcc/arm-none-eabi/13.3.0/../../../../arm-none-eabi/lib/thumb/v7e-m+fp/softfp\libc_nano.a(libc_a-findfp.o)
__stack                                           C:/msys64/ucrt64/bin/../lib/gcc/arm-none-eabi/13.3.0/../../../../arm-none-eabi/lib/thumb/v7e-m+fp/softfp/crt0.o
__stdio_exit_handler                              C:/msys64/ucrt64/bin/../lib/gcc/arm-none-eabi/13.3.0/../../../../arm-none-eabi/lib/thumb/v7e-m+fp/softfp\libc_nano.a(libc_a-findfp.o)
                                                  C:/msys64/ucrt64/bin/../lib/gcc/arm-none-eabi/13.3.0/../../../../arm-none-eabi/lib/thumb/v7e-m+fp/softfp\libc_nano.a(libc_a-exit.o)
__swrite                                          C:/msys64/ucrt64/bin/../lib/gcc/arm-none-eabi/13.3.0/../../../../arm-none-eabi/lib/thumb/v7e-m+fp/softfp\libc_nano.a(libc_a-stdio.o)
                                                  C:/msys64/ucrt64/bin/../lib/gcc/arm-none-eabi/13.3.0/../../../../arm-none-eabi/lib/thumb/v7e-m+fp/softfp\libc_nano.a(libc_a-findfp.o)
__valid_user_code_checksum                        build/obj/external/base/soc/lpc43xx/startup/cr_startup_lpc43xx.o
_close                                            C:/msys64/ucrt64/bin/../lib/gcc/arm-none-eabi/13.3.0/../../../../arm-none-eabi/lib/thumb/v7e-m+fp/softfp\libnosys.a(close.o)
                                                  C:/msys64/ucrt64/bin/../lib/gcc/arm-none-eabi/13.3.0/../../../../arm-none-eabi/lib/thumb/v7e-m+fp/softfp\libc_nano.a(libc_a-closer.o)
_close_r                                          C:/msys64/ucrt64/bin/../lib/gcc/arm-none-eabi/13.3.0/../../../../arm-none-eabi/lib/thumb/v7e-m+fp/softfp\libc_nano.a(libc_a-closer.o)
                                                  C:/msys64/ucrt64/bin/../lib/gcc/arm-none-eabi/13.3.0/../../../../arm-none-eabi/lib/thumb/v7e-m+fp/softfp\libc_nano.a(libc_a-stdio.o)
_exit                                             C:/msys64/ucrt64/bin/../lib/gcc/arm-none-eabi/13.3.0/../../../../arm-none-eabi/lib/thumb/v7e-m+fp/softfp\libnosys.a(_exit.o)
                                                  C:/msys64/ucrt64/bin/../lib/gcc/arm-none-eabi/13.3.0/../../../../arm-none-eabi/lib/thumb/v7e-m+fp/softfp\libc_nano.a(libc_a-exit.o)
_fflush_r                                         C:/msys64/ucrt64/bin/../lib/gcc/arm-none-eabi/13.3.0/../../../../arm-none-eabi/lib/thumb/v7e-m+fp/softfp\libc_nano.a(libc_a-fflush.o)
                                                  C:/msys64/ucrt64/bin/../lib/gcc/arm-none-eabi/13.3.0/../../../../arm-none-eabi/lib/thumb/v7e-m+fp/softfp\libc_nano.a(libc_a-findfp.o)
_fini                                             C:/msys64/ucrt64/bin/../lib/gcc/arm-none-eabi/13.3.0/thumb/v7e-m+fp/softfp/crti.o
                                                  C:/msys64/ucrt64/bin/../lib/gcc/arm-none-eabi/13.3.0/../../../../arm-none-eabi/lib/thumb/v7e-m+fp/softfp\libc_nano.a(libc_a-fini.o)
_free_r                                           C:/msys64/ucrt64/bin/../lib/gcc/arm-none-eabi/13.3.0/../../../../arm-none-eabi/lib/thumb/v7e-m+fp/softfp\libc_nano.a(libc_a-freer.o)
                                                  C:/msys64/ucrt64/bin/../lib/gcc/arm-none-eabi/13.3.0/../../../../arm-none-eabi/lib/thumb/v7e-m+fp/softfp\libc_nano.a(libc_a-fflush.o)
                                                  C:/msys64/ucrt64/bin/../lib/gcc/arm-none-eabi/13.3.0/../../../../arm-none-eabi/lib/thumb/v7e-m+fp/softfp\libc_nano.a(libc_a-reent.o)
_fwalk_sglue                                      C:/msys64/ucrt64/bin/../lib/gcc/arm-none-eabi/13.3.0/../../../../arm-none-eabi/lib/thumb/v7e-m+fp/softfp\libc_nano.a(libc_a-fwalk.o)
                                                  C:/msys64/ucrt64/bin/../lib/gcc/arm-none-eabi/13.3.0/../../../../arm-none-eabi/lib/thumb/v7e-m+fp/softfp\libc_nano.a(libc_a-fflush.o)
                                                  C:/msys64/ucrt64/bin/../lib/gcc/arm-none-eabi/13.3.0/../../../../arm-none-eabi/lib/thumb/v7e-m+fp/softfp\libc_nano.a(libc_a-findfp.o)
_impure_data                                      C:/msys64/ucrt64/bin/../lib/gcc/arm-none-eabi/13.3.0/../../../../arm-none-eabi/lib/thumb/v7e-m+fp/softfp\libc_nano.a(libc_a-impure.o)
                                                  C:/msys64/ucrt64/bin/../lib/gcc/arm-none-eabi/13.3.0/../../../../arm-none-eabi/lib/thumb/v7e-m+fp/softfp\libc_nano.a(libc_a-fflush.o)
                                                  C:/msys64/ucrt64/bin/../lib/gcc/arm-none-eabi/13.3.0/../../../../arm-none-eabi/lib/thumb/v7e-m+fp/softfp\libc_nano.a(libc_a-findfp.o)
_impure_ptr                                       C:/msys64/ucrt64/bin/../lib/gcc/arm-none-eabi/13.3.0/../../../../arm-none-eabi/lib/thumb/v7e-m+fp/softfp\libc_nano.a(libc_a-impure.o)
                                                  C:/msys64/ucrt64/bin/../lib/gcc/arm-none-eabi/13.3.0/../../../../arm-none-eabi/lib/thumb/v7e-m+fp/softfp\libc_nano.a(libc_a-fflush.o)
                                                  C:/msys64/ucrt64/bin/../lib/gcc/arm-none-eabi/13.3.0/../../../../arm-none-eabi/lib/thumb/v7e-m+fp/softfp\libc_nano.a(libc_a-reent.o)
_init                                             C:/msys64/ucrt64/bin/../lib/gcc/arm-none-eabi/13.3.0/thumb/v7e-m+fp/softfp/crti.o
                                                  C:/msys64/ucrt64/bin/../lib/gcc/arm-none-eabi/13.3.0/../../../../arm-none-eabi/lib/thumb/v7e-m+fp/softfp\libc_nano.a(libc_a-init.o)
_lseek                                            C:/msys64/ucrt64/bin/../lib/gcc/arm-none-eabi/13.3.0/../../../../arm-none-eabi/lib/thumb/v7e-m+fp/softfp\libnosys.a(lseek.o)
                                                  C:/msys64/ucrt64/bin/../lib/gcc/arm-none-eabi/13.3.0/../../../../arm-none-eabi/lib/thumb/v7e-m+fp/softfp\libc_nano.a(libc_a-lseekr.o)
_lseek_r                                          C:/msys64/ucrt64/bin/../lib/gcc/arm-none-eabi/13.3.0/../../../../arm-none-eabi/lib/thumb/v7e-m+fp/softfp\libc_nano.a(libc_a-lseekr.o)
                                                  C:/msys64/ucrt64/bin/../lib/gcc/arm-none-eabi/13.3.0/../../../../arm-none-eabi/lib/thumb/v7e-m+fp/softfp\libc_nano.a(libc_a-stdio.o)
_mainCRTStartup                                   C:/msys64/ucrt64/bin/../lib/gcc/arm-none-eabi/13.3.0/../../../../arm-none-eabi/lib/thumb/v7e-m+fp/softfp/crt0.o
_malloc_r                                         C:/msys64/ucrt64/bin/../lib/gcc/arm-none-eabi/13.3.0/../../../../arm-none-eabi/lib/thumb/v7e-m+fp/softfp\libc_nano.a(libc_a-mallocr.o)
                                                  C:/msys64/ucrt64/bin/../lib/gcc/arm-none-eabi/13.3.0/../../../../arm-none-eabi/lib/thumb/v7e-m+fp/softfp\libc_nano.a(libc_a-findfp.o)
_read                                             C:/msys64/ucrt64/bin/../lib/gcc/arm-none-eabi/13.3.0/../../../../arm-none-eabi/lib/thumb/v7e-m+fp/softfp\libnosys.a(read.o)
                                                  C:/msys64/ucrt64/bin/../lib/gcc/arm-none-eabi/13.3.0/../../../../arm-none-eabi/lib/thumb/v7e-m+fp/softfp\libc_nano.a(libc_a-readr.o)
_read_r                                           C:/msys64/ucrt64/bin/../lib/gcc/arm-none-eabi/13.3.0/../../../../arm-none-eabi/lib/thumb/v7e-m+fp/softfp\libc_nano.a(libc_a-readr.o)
                                                  C:/msys64/ucrt64/bin/../lib/gcc/arm-none-eabi/13.3.0/../../../../arm-none-eabi/lib/thumb/v7e-m+fp/softfp\libc_nano.a(libc_a-stdio.o)
_reclaim_reent                                    C:/msys64/ucrt64/bin/../lib/gcc/arm-none-eabi/13.3.0/../../../../arm-none-eabi/lib/thumb/v7e-m+fp/softfp\libc_nano.a(libc_a-reent.o)
_sbrk                                             C:/msys64/ucrt64/bin/../lib/gcc/arm-none-eabi/13.3.0/../../../../arm-none-eabi/lib/thumb/v7e-m+fp/softfp\libnosys.a(sbrk.o)
                                                  C:/msys64/ucrt64/bin/../lib/gcc/arm-none-eabi/13.3.0/../../../../arm-none-eabi/lib/thumb/v7e-m+fp/softfp\libc_nano.a(libc_a-sbrkr.o)
_sbrk_r                                           C:/msys64/ucrt64/bin/../lib/gcc/arm-none-eabi/13.3.0/../../../../arm-none-eabi/lib/thumb/v7e-m+fp/softfp\libc_nano.a(libc_a-sbrkr.o)
                                                  C:/msys64/ucrt64/bin/../lib/gcc/arm-none-eabi/13.3.0/../../../../arm-none-eabi/lib/thumb/v7e-m+fp/softfp\libc_nano.a(libc_a-mallocr.o)
_stack_init                                       C:/msys64/ucrt64/bin/../lib/gcc/arm-none-eabi/13.3.0/../../../../arm-none-eabi/lib/thumb/v7e-m+fp/softfp/crt0.o
_start                                            C:/msys64/ucrt64/bin/../lib/gcc/arm-none-eabi/13.3.0/../../../../arm-none-eabi/lib/thumb/v7e-m+fp/softfp/crt0.o
_vStackTop                                        build/obj/external/base/soc/lpc43xx/startup/cr_startup_lpc43xx.o
_write                                            C:/msys64/ucrt64/bin/../lib/gcc/arm-none-eabi/13.3.0/../../../../arm-none-eabi/lib/thumb/v7e-m+fp/softfp\libnosys.a(write.o)
                                                  C:/msys64/ucrt64/bin/../lib/gcc/arm-none-eabi/13.3.0/../../../../arm-none-eabi/lib/thumb/v7e-m+fp/softfp\libc_nano.a(libc_a-writer.o)
_write_r                                          C:/msys64/ucrt64/bin/../lib/gcc/arm-none-eabi/13.3.0/../../../../arm-none-eabi/lib/thumb/v7e-m+fp/softfp\libc_nano.a(libc_a-writer.o)
                                                  C:/msys64/ucrt64/bin/../lib/gcc/arm-none-eabi/13.3.0/../../../../arm-none-eabi/lib/thumb/v7e-m+fp/softfp\libc_nano.a(libc_a-stdio.o)
atexit                                            C:/msys64/ucrt64/bin/../lib/gcc/arm-none-eabi/13.3.0/../../../../arm-none-eabi/lib/thumb/v7e-m+fp/softfp\libc_nano.a(libc_a-atexit.o)
                                                  C:/msys64/ucrt64/bin/../lib/gcc/arm-none-eabi/13.3.0/../../../../arm-none-eabi/lib/thumb/v7e-m+fp/softfp/crt0.o
bss_init                                          build/obj/external/base/soc/lpc43xx/startup/cr_startup_lpc43xx.o
data_init                                         build/obj/external/base/soc/lpc43xx/startup/cr_startup_lpc43xx.o
end                                               C:/msys64/ucrt64/bin/../lib/gcc/arm-none-eabi/13.3.0/../../../../arm-none-eabi/lib/thumb/v7e-m+fp/softfp\libnosys.a(sbrk.o)
errno                                             C:/msys64/ucrt64/bin/../lib/gcc/arm-none-eabi/13.3.0/../../../../arm-none-eabi/lib/thumb/v7e-m+fp/softfp\libc_nano.a(libc_a-reent.o)
                                                  C:/msys64/ucrt64/bin/../lib/gcc/arm-none-eabi/13.3.0/../../../../arm-none-eabi/lib/thumb/v7e-m+fp/softfp\libnosys.a(write.o)
                                                  C:/msys64/ucrt64/bin/../lib/gcc/arm-none-eabi/13.3.0/../../../../arm-none-eabi/lib/thumb/v7e-m+fp/softfp\libnosys.a(read.o)
                                                  C:/msys64/ucrt64/bin/../lib/gcc/arm-none-eabi/13.3.0/../../../../arm-none-eabi/lib/thumb/v7e-m+fp/softfp\libnosys.a(lseek.o)
                                                  C:/msys64/ucrt64/bin/../lib/gcc/arm-none-eabi/13.3.0/../../../../arm-none-eabi/lib/thumb/v7e-m+fp/softfp\libnosys.a(close.o)
                                                  C:/msys64/ucrt64/bin/../lib/gcc/arm-none-eabi/13.3.0/../../../../arm-none-eabi/lib/thumb/v7e-m+fp/softfp\libc_nano.a(libc_a-sbrkr.o)
                                                  C:/msys64/ucrt64/bin/../lib/gcc/arm-none-eabi/13.3.0/../../../../arm-none-eabi/lib/thumb/v7e-m+fp/softfp\libc_nano.a(libc_a-writer.o)
                                                  C:/msys64/ucrt64/bin/../lib/gcc/arm-none-eabi/13.3.0/../../../../arm-none-eabi/lib/thumb/v7e-m+fp/softfp\libc_nano.a(libc_a-readr.o)
                                                  C:/msys64/ucrt64/bin/../lib/gcc/arm-none-eabi/13.3.0/../../../../arm-none-eabi/lib/thumb/v7e-m+fp/softfp\libc_nano.a(libc_a-lseekr.o)
                                                  C:/msys64/ucrt64/bin/../lib/gcc/arm-none-eabi/13.3.0/../../../../arm-none-eabi/lib/thumb/v7e-m+fp/softfp\libc_nano.a(libc_a-closer.o)
exit                                              C:/msys64/ucrt64/bin/../lib/gcc/arm-none-eabi/13.3.0/../../../../arm-none-eabi/lib/thumb/v7e-m+fp/softfp\libc_nano.a(libc_a-exit.o)
                                                  C:/msys64/ucrt64/bin/../lib/gcc/arm-none-eabi/13.3.0/../../../../arm-none-eabi/lib/thumb/v7e-m+fp/softfp/crt0.o
fflush                                            C:/msys64/ucrt64/bin/../lib/gcc/arm-none-eabi/13.3.0/../../../../arm-none-eabi/lib/thumb/v7e-m+fp/softfp\libc_nano.a(libc_a-fflush.o)
g_pfnVectors                                      build/obj/external/base/soc/lpc43xx/startup/cr_startup_lpc43xx.o
hardware_init_hook                                C:/msys64/ucrt64/bin/../lib/gcc/arm-none-eabi/13.3.0/../../../../arm-none-eabi/lib/thumb/v7e-m+fp/softfp/crt0.o
main                                              build/obj/src/main.o
                                                  build/obj/external/base/soc/lpc43xx/startup/cr_startup_lpc43xx.o
                                                  C:/msys64/ucrt64/bin/../lib/gcc/arm-none-eabi/13.3.0/../../../../arm-none-eabi/lib/thumb/v7e-m+fp/softfp/crt0.o
malloc                                            C:/msys64/ucrt64/bin/../lib/gcc/arm-none-eabi/13.3.0/../../../../arm-none-eabi/lib/thumb/v7e-m+fp/softfp\libc_nano.a(libc_a-__atexit.o)
memset                                            C:/msys64/ucrt64/bin/../lib/gcc/arm-none-eabi/13.3.0/../../../../arm-none-eabi/lib/thumb/v7e-m+fp/softfp\libc_nano.a(libc_a-memset.o)
                                                  C:/msys64/ucrt64/bin/../lib/gcc/arm-none-eabi/13.3.0/../../../../arm-none-eabi/lib/thumb/v7e-m+fp/softfp\libc_nano.a(libc_a-findfp.o)
                                                  build/lib/board/edu-ciaa-nxp.a(clock_18xx_43xx.o)
                                                  C:/msys64/ucrt64/bin/../lib/gcc/arm-none-eabi/13.3.0/../../../../arm-none-eabi/lib/thumb/v7e-m+fp/softfp/crt0.o
software_init_hook                                C:/msys64/ucrt64/bin/../lib/gcc/arm-none-eabi/13.3.0/../../../../arm-none-eabi/lib/thumb/v7e-m+fp/softfp/crt0.o
